[1.028s] Invoking command in '/home/yahboom/intro_ws/build/examples_rclpy_minimal_publisher': PYTHONPATH=/home/yahboom/intro_ws/build/examples_rclpy_minimal_publisher/prefix_override:/home/yahboom/intro_ws/install/examples_rclpy_minimal_publisher/lib/python3.10/site-packages:${PYTHONPATH} /usr/bin/python3 -W ignore:setup.py install is deprecated setup.py develop --editable --build-directory /home/yahboom/intro_ws/build/examples_rclpy_minimal_publisher/build --no-deps symlink_data
[1.342s] running develop
[1.342s] /usr/lib/python3/dist-packages/setuptools/command/easy_install.py:158: EasyInstallDeprecationWarning: easy_install command is deprecated. Use build and pip and other standards-based tools.
[1.342s]   warnings.warn(
[1.503s] running egg_info
[1.503s] writing examples_rclpy_minimal_publisher.egg-info/PKG-INFO
[1.505s] writing dependency_links to examples_rclpy_minimal_publisher.egg-info/dependency_links.txt
[1.506s] writing entry points to examples_rclpy_minimal_publisher.egg-info/entry_points.txt
[1.506s] writing requirements to examples_rclpy_minimal_publisher.egg-info/requires.txt
[1.506s] writing top-level names to examples_rclpy_minimal_publisher.egg-info/top_level.txt
[1.508s] reading manifest file 'examples_rclpy_minimal_publisher.egg-info/SOURCES.txt'
[1.511s] writing manifest file 'examples_rclpy_minimal_publisher.egg-info/SOURCES.txt'
[1.512s] running build_ext
[1.512s] Creating /home/yahboom/intro_ws/install/examples_rclpy_minimal_publisher/lib/python3.10/site-packages/examples-rclpy-minimal-publisher.egg-link (link to .)
[1.514s] Installing publisher_local_function script to /home/yahboom/intro_ws/install/examples_rclpy_minimal_publisher/lib/examples_rclpy_minimal_publisher
[1.514s] Installing publisher_member_function script to /home/yahboom/intro_ws/install/examples_rclpy_minimal_publisher/lib/examples_rclpy_minimal_publisher
[1.514s] Installing publisher_member_function_with_wait_for_all_acked script to /home/yahboom/intro_ws/install/examples_rclpy_minimal_publisher/lib/examples_rclpy_minimal_publisher
[1.517s] Installing publisher_old_school script to /home/yahboom/intro_ws/install/examples_rclpy_minimal_publisher/lib/examples_rclpy_minimal_publisher
[1.517s] 
[1.517s] Installed /home/yahboom/intro_ws/build/examples_rclpy_minimal_publisher
[1.517s] running symlink_data
[1.830s] Invoked command in '/home/yahboom/intro_ws/build/examples_rclpy_minimal_publisher' returned '0': PYTHONPATH=/home/yahboom/intro_ws/build/examples_rclpy_minimal_publisher/prefix_override:/home/yahboom/intro_ws/install/examples_rclpy_minimal_publisher/lib/python3.10/site-packages:${PYTHONPATH} /usr/bin/python3 -W ignore:setup.py install is deprecated setup.py develop --editable --build-directory /home/yahboom/intro_ws/build/examples_rclpy_minimal_publisher/build --no-deps symlink_data
