[1.010s] Invoking command in '/home/yahboom/intro_ws/build/examples_rclpy_minimal_client': PYTHONPATH=/home/yahboom/intro_ws/build/examples_rclpy_minimal_client/prefix_override:/home/yahboom/intro_ws/install/examples_rclpy_minimal_client/lib/python3.10/site-packages:${PYTHONPATH} /usr/bin/python3 -W ignore:setup.py install is deprecated setup.py develop --editable --build-directory /home/yahboom/intro_ws/build/examples_rclpy_minimal_client/build --no-deps symlink_data --force
[1.304s] running develop
[1.305s] /usr/lib/python3/dist-packages/setuptools/command/easy_install.py:158: EasyInstallDeprecationWarning: easy_install command is deprecated. Use build and pip and other standards-based tools.
[1.305s]   warnings.warn(
[1.454s] running egg_info
[1.455s] writing examples_rclpy_minimal_client.egg-info/PKG-INFO
[1.455s] writing dependency_links to examples_rclpy_minimal_client.egg-info/dependency_links.txt
[1.455s] writing entry points to examples_rclpy_minimal_client.egg-info/entry_points.txt
[1.455s] writing requirements to examples_rclpy_minimal_client.egg-info/requires.txt
[1.455s] writing top-level names to examples_rclpy_minimal_client.egg-info/top_level.txt
[1.458s] reading manifest file 'examples_rclpy_minimal_client.egg-info/SOURCES.txt'
[1.459s] writing manifest file 'examples_rclpy_minimal_client.egg-info/SOURCES.txt'
[1.460s] running build_ext
[1.461s] Creating /home/yahboom/intro_ws/install/examples_rclpy_minimal_client/lib/python3.10/site-packages/examples-rclpy-minimal-client.egg-link (link to .)
[1.461s] Installing client script to /home/yahboom/intro_ws/install/examples_rclpy_minimal_client/lib/examples_rclpy_minimal_client
[1.461s] Installing client_async script to /home/yahboom/intro_ws/install/examples_rclpy_minimal_client/lib/examples_rclpy_minimal_client
[1.461s] Installing client_async_callback script to /home/yahboom/intro_ws/install/examples_rclpy_minimal_client/lib/examples_rclpy_minimal_client
[1.462s] Installing client_async_member_function script to /home/yahboom/intro_ws/install/examples_rclpy_minimal_client/lib/examples_rclpy_minimal_client
[1.462s] 
[1.462s] Installed /home/yahboom/intro_ws/build/examples_rclpy_minimal_client
[1.462s] running symlink_data
[1.462s] symbolically linking /home/yahboom/intro_ws/build/examples_rclpy_minimal_client/resource/examples_rclpy_minimal_client -> /home/yahboom/intro_ws/install/examples_rclpy_minimal_client/share/ament_index/resource_index/packages
[1.462s] symbolically linking /home/yahboom/intro_ws/build/examples_rclpy_minimal_client/package.xml -> /home/yahboom/intro_ws/install/examples_rclpy_minimal_client/share/examples_rclpy_minimal_client
[1.503s] Invoked command in '/home/yahboom/intro_ws/build/examples_rclpy_minimal_client' returned '0': PYTHONPATH=/home/yahboom/intro_ws/build/examples_rclpy_minimal_client/prefix_override:/home/yahboom/intro_ws/install/examples_rclpy_minimal_client/lib/python3.10/site-packages:${PYTHONPATH} /usr/bin/python3 -W ignore:setup.py install is deprecated setup.py develop --editable --build-directory /home/yahboom/intro_ws/build/examples_rclpy_minimal_client/build --no-deps symlink_data --force
