[1.102s] Invoking command in '/home/yahboom/intro_ws/build/examples_rclpy_minimal_action_client': PYTHONPATH=/home/yahboom/intro_ws/build/examples_rclpy_minimal_action_client/prefix_override:/home/yahboom/intro_ws/install/examples_rclpy_minimal_action_client/lib/python3.10/site-packages:${PYTHONPATH} /usr/bin/python3 -W ignore:setup.py install is deprecated setup.py develop --editable --build-directory /home/yahboom/intro_ws/build/examples_rclpy_minimal_action_client/build --no-deps symlink_data
[1.346s] running develop
[1.349s] /usr/lib/python3/dist-packages/setuptools/command/easy_install.py:158: EasyInstallDeprecationWarning: easy_install command is deprecated. Use build and pip and other standards-based tools.
[1.349s]   warnings.warn(
[1.498s] running egg_info
[1.499s] writing examples_rclpy_minimal_action_client.egg-info/PKG-INFO
[1.499s] writing dependency_links to examples_rclpy_minimal_action_client.egg-info/dependency_links.txt
[1.500s] writing entry points to examples_rclpy_minimal_action_client.egg-info/entry_points.txt
[1.500s] writing requirements to examples_rclpy_minimal_action_client.egg-info/requires.txt
[1.501s] writing top-level names to examples_rclpy_minimal_action_client.egg-info/top_level.txt
[1.503s] reading manifest file 'examples_rclpy_minimal_action_client.egg-info/SOURCES.txt'
[1.504s] writing manifest file 'examples_rclpy_minimal_action_client.egg-info/SOURCES.txt'
[1.506s] running build_ext
[1.506s] Creating /home/yahboom/intro_ws/install/examples_rclpy_minimal_action_client/lib/python3.10/site-packages/examples-rclpy-minimal-action-client.egg-link (link to .)
[1.507s] Installing client script to /home/yahboom/intro_ws/install/examples_rclpy_minimal_action_client/lib/examples_rclpy_minimal_action_client
[1.508s] Installing client_asyncio script to /home/yahboom/intro_ws/install/examples_rclpy_minimal_action_client/lib/examples_rclpy_minimal_action_client
[1.508s] Installing client_cancel script to /home/yahboom/intro_ws/install/examples_rclpy_minimal_action_client/lib/examples_rclpy_minimal_action_client
[1.508s] Installing client_not_composable script to /home/yahboom/intro_ws/install/examples_rclpy_minimal_action_client/lib/examples_rclpy_minimal_action_client
[1.509s] 
[1.509s] Installed /home/yahboom/intro_ws/build/examples_rclpy_minimal_action_client
[1.509s] running symlink_data
[1.546s] Invoked command in '/home/yahboom/intro_ws/build/examples_rclpy_minimal_action_client' returned '0': PYTHONPATH=/home/yahboom/intro_ws/build/examples_rclpy_minimal_action_client/prefix_override:/home/yahboom/intro_ws/install/examples_rclpy_minimal_action_client/lib/python3.10/site-packages:${PYTHONPATH} /usr/bin/python3 -W ignore:setup.py install is deprecated setup.py develop --editable --build-directory /home/yahboom/intro_ws/build/examples_rclpy_minimal_action_client/build --no-deps symlink_data
