[0.843s] Invoking command in '/home/yahboom/intro_ws/build/examples_rclpy_minimal_action_client': PYTHONPATH=/home/yahboom/intro_ws/build/examples_rclpy_minimal_action_client/prefix_override:/home/yahboom/intro_ws/install/examples_rclpy_minimal_action_client/lib/python3.10/site-packages:${PYTHONPATH} /usr/bin/python3 -W ignore:setup.py install is deprecated setup.py develop --uninstall --editable --build-directory /home/yahboom/intro_ws/build/examples_rclpy_minimal_action_client/build
[1.123s] running develop
[1.123s] /usr/lib/python3/dist-packages/setuptools/command/easy_install.py:158: EasyInstallDeprecationWarning: easy_install command is deprecated. Use build and pip and other standards-based tools.
[1.123s]   warnings.warn(
[1.300s] Removing /home/yahboom/intro_ws/install/examples_rclpy_minimal_action_client/lib/python3.10/site-packages/examples-rclpy-minimal-action-client.egg-link (link to .)
[1.350s] Invoked command in '/home/yahboom/intro_ws/build/examples_rclpy_minimal_action_client' returned '0': PYTHONPATH=/home/yahboom/intro_ws/build/examples_rclpy_minimal_action_client/prefix_override:/home/yahboom/intro_ws/install/examples_rclpy_minimal_action_client/lib/python3.10/site-packages:${PYTHONPATH} /usr/bin/python3 -W ignore:setup.py install is deprecated setup.py develop --uninstall --editable --build-directory /home/yahboom/intro_ws/build/examples_rclpy_minimal_action_client/build
[1.352s] Invoking command in '/home/yahboom/intro_ws/src/examples/rclpy/actions/minimal_action_client': PYTHONPATH=/home/yahboom/intro_ws/build/examples_rclpy_minimal_action_client/prefix_override:/home/yahboom/intro_ws/install/examples_rclpy_minimal_action_client/lib/python3.10/site-packages:${PYTHONPATH} /usr/bin/python3 -W ignore:setup.py install is deprecated setup.py egg_info --egg-base ../../../../../build/examples_rclpy_minimal_action_client build --build-base /home/yahboom/intro_ws/build/examples_rclpy_minimal_action_client/build install --record /home/yahboom/intro_ws/build/examples_rclpy_minimal_action_client/install.log --single-version-externally-managed install_data --force
[1.629s] running egg_info
[1.629s] writing ../../../../../build/examples_rclpy_minimal_action_client/examples_rclpy_minimal_action_client.egg-info/PKG-INFO
[1.629s] writing dependency_links to ../../../../../build/examples_rclpy_minimal_action_client/examples_rclpy_minimal_action_client.egg-info/dependency_links.txt
[1.629s] writing entry points to ../../../../../build/examples_rclpy_minimal_action_client/examples_rclpy_minimal_action_client.egg-info/entry_points.txt
[1.629s] writing requirements to ../../../../../build/examples_rclpy_minimal_action_client/examples_rclpy_minimal_action_client.egg-info/requires.txt
[1.629s] writing top-level names to ../../../../../build/examples_rclpy_minimal_action_client/examples_rclpy_minimal_action_client.egg-info/top_level.txt
[1.629s] reading manifest file '../../../../../build/examples_rclpy_minimal_action_client/examples_rclpy_minimal_action_client.egg-info/SOURCES.txt'
[1.629s] writing manifest file '../../../../../build/examples_rclpy_minimal_action_client/examples_rclpy_minimal_action_client.egg-info/SOURCES.txt'
[1.629s] running build
[1.629s] running build_py
[1.629s] creating /home/yahboom/intro_ws/build/examples_rclpy_minimal_action_client/build
[1.629s] creating /home/yahboom/intro_ws/build/examples_rclpy_minimal_action_client/build/lib
[1.629s] creating /home/yahboom/intro_ws/build/examples_rclpy_minimal_action_client/build/lib/examples_rclpy_minimal_action_client
[1.629s] copying examples_rclpy_minimal_action_client/client.py -> /home/yahboom/intro_ws/build/examples_rclpy_minimal_action_client/build/lib/examples_rclpy_minimal_action_client
[1.629s] copying examples_rclpy_minimal_action_client/__init__.py -> /home/yahboom/intro_ws/build/examples_rclpy_minimal_action_client/build/lib/examples_rclpy_minimal_action_client
[1.629s] copying examples_rclpy_minimal_action_client/client_asyncio.py -> /home/yahboom/intro_ws/build/examples_rclpy_minimal_action_client/build/lib/examples_rclpy_minimal_action_client
[1.629s] copying examples_rclpy_minimal_action_client/client_not_composable.py -> /home/yahboom/intro_ws/build/examples_rclpy_minimal_action_client/build/lib/examples_rclpy_minimal_action_client
[1.629s] copying examples_rclpy_minimal_action_client/client_cancel.py -> /home/yahboom/intro_ws/build/examples_rclpy_minimal_action_client/build/lib/examples_rclpy_minimal_action_client
[1.629s] running install
[1.629s] running install_lib
[1.629s] creating /home/yahboom/intro_ws/install/examples_rclpy_minimal_action_client/lib/python3.10/site-packages/examples_rclpy_minimal_action_client
[1.629s] copying /home/yahboom/intro_ws/build/examples_rclpy_minimal_action_client/build/lib/examples_rclpy_minimal_action_client/client.py -> /home/yahboom/intro_ws/install/examples_rclpy_minimal_action_client/lib/python3.10/site-packages/examples_rclpy_minimal_action_client
[1.630s] copying /home/yahboom/intro_ws/build/examples_rclpy_minimal_action_client/build/lib/examples_rclpy_minimal_action_client/__init__.py -> /home/yahboom/intro_ws/install/examples_rclpy_minimal_action_client/lib/python3.10/site-packages/examples_rclpy_minimal_action_client
[1.630s] copying /home/yahboom/intro_ws/build/examples_rclpy_minimal_action_client/build/lib/examples_rclpy_minimal_action_client/client_asyncio.py -> /home/yahboom/intro_ws/install/examples_rclpy_minimal_action_client/lib/python3.10/site-packages/examples_rclpy_minimal_action_client
[1.630s] copying /home/yahboom/intro_ws/build/examples_rclpy_minimal_action_client/build/lib/examples_rclpy_minimal_action_client/client_not_composable.py -> /home/yahboom/intro_ws/install/examples_rclpy_minimal_action_client/lib/python3.10/site-packages/examples_rclpy_minimal_action_client
[1.630s] copying /home/yahboom/intro_ws/build/examples_rclpy_minimal_action_client/build/lib/examples_rclpy_minimal_action_client/client_cancel.py -> /home/yahboom/intro_ws/install/examples_rclpy_minimal_action_client/lib/python3.10/site-packages/examples_rclpy_minimal_action_client
[1.630s] byte-compiling /home/yahboom/intro_ws/install/examples_rclpy_minimal_action_client/lib/python3.10/site-packages/examples_rclpy_minimal_action_client/client.py to client.cpython-310.pyc
[1.630s] byte-compiling /home/yahboom/intro_ws/install/examples_rclpy_minimal_action_client/lib/python3.10/site-packages/examples_rclpy_minimal_action_client/__init__.py to __init__.cpython-310.pyc
[1.630s] byte-compiling /home/yahboom/intro_ws/install/examples_rclpy_minimal_action_client/lib/python3.10/site-packages/examples_rclpy_minimal_action_client/client_asyncio.py to client_asyncio.cpython-310.pyc
[1.630s] byte-compiling /home/yahboom/intro_ws/install/examples_rclpy_minimal_action_client/lib/python3.10/site-packages/examples_rclpy_minimal_action_client/client_not_composable.py to client_not_composable.cpython-310.pyc
[1.630s] byte-compiling /home/yahboom/intro_ws/install/examples_rclpy_minimal_action_client/lib/python3.10/site-packages/examples_rclpy_minimal_action_client/client_cancel.py to client_cancel.cpython-310.pyc
[1.630s] running install_data
[1.630s] copying resource/examples_rclpy_minimal_action_client -> /home/yahboom/intro_ws/install/examples_rclpy_minimal_action_client/share/ament_index/resource_index/packages
[1.630s] copying package.xml -> /home/yahboom/intro_ws/install/examples_rclpy_minimal_action_client/share/examples_rclpy_minimal_action_client
[1.630s] running install_egg_info
[1.631s] Copying ../../../../../build/examples_rclpy_minimal_action_client/examples_rclpy_minimal_action_client.egg-info to /home/yahboom/intro_ws/install/examples_rclpy_minimal_action_client/lib/python3.10/site-packages/examples_rclpy_minimal_action_client-0.15.5-py3.10.egg-info
[1.631s] running install_scripts
[1.642s] Installing client script to /home/yahboom/intro_ws/install/examples_rclpy_minimal_action_client/lib/examples_rclpy_minimal_action_client
[1.642s] Installing client_asyncio script to /home/yahboom/intro_ws/install/examples_rclpy_minimal_action_client/lib/examples_rclpy_minimal_action_client
[1.642s] Installing client_cancel script to /home/yahboom/intro_ws/install/examples_rclpy_minimal_action_client/lib/examples_rclpy_minimal_action_client
[1.642s] Installing client_not_composable script to /home/yahboom/intro_ws/install/examples_rclpy_minimal_action_client/lib/examples_rclpy_minimal_action_client
[1.642s] writing list of installed files to '/home/yahboom/intro_ws/build/examples_rclpy_minimal_action_client/install.log'
[1.949s] Invoked command in '/home/yahboom/intro_ws/src/examples/rclpy/actions/minimal_action_client' returned '0': PYTHONPATH=/home/yahboom/intro_ws/build/examples_rclpy_minimal_action_client/prefix_override:/home/yahboom/intro_ws/install/examples_rclpy_minimal_action_client/lib/python3.10/site-packages:${PYTHONPATH} /usr/bin/python3 -W ignore:setup.py install is deprecated setup.py egg_info --egg-base ../../../../../build/examples_rclpy_minimal_action_client build --build-base /home/yahboom/intro_ws/build/examples_rclpy_minimal_action_client/build install --record /home/yahboom/intro_ws/build/examples_rclpy_minimal_action_client/install.log --single-version-externally-managed install_data --force
