[0.818s] Invoking command in '/home/yahboom/intro_ws/build/examples_rclpy_minimal_action_server': PYTHONPATH=/home/yahboom/intro_ws/build/examples_rclpy_minimal_action_server/prefix_override:/home/yahboom/intro_ws/install/examples_rclpy_minimal_action_server/lib/python3.10/site-packages:${PYTHONPATH} /usr/bin/python3 -W ignore:setup.py install is deprecated setup.py develop --editable --build-directory /home/yahboom/intro_ws/build/examples_rclpy_minimal_action_server/build --no-deps symlink_data --force
[1.131s] running develop
[1.131s] /usr/lib/python3/dist-packages/setuptools/command/easy_install.py:158: EasyInstallDeprecationWarning: easy_install command is deprecated. Use build and pip and other standards-based tools.
[1.131s]   warnings.warn(
[1.298s] running egg_info
[1.299s] writing examples_rclpy_minimal_action_server.egg-info/PKG-INFO
[1.300s] writing dependency_links to examples_rclpy_minimal_action_server.egg-info/dependency_links.txt
[1.300s] writing entry points to examples_rclpy_minimal_action_server.egg-info/entry_points.txt
[1.301s] writing requirements to examples_rclpy_minimal_action_server.egg-info/requires.txt
[1.301s] writing top-level names to examples_rclpy_minimal_action_server.egg-info/top_level.txt
[1.303s] reading manifest file 'examples_rclpy_minimal_action_server.egg-info/SOURCES.txt'
[1.304s] writing manifest file 'examples_rclpy_minimal_action_server.egg-info/SOURCES.txt'
[1.306s] running build_ext
[1.306s] Creating /home/yahboom/intro_ws/install/examples_rclpy_minimal_action_server/lib/python3.10/site-packages/examples-rclpy-minimal-action-server.egg-link (link to .)
[1.307s] Installing server script to /home/yahboom/intro_ws/install/examples_rclpy_minimal_action_server/lib/examples_rclpy_minimal_action_server
[1.307s] Installing server_defer script to /home/yahboom/intro_ws/install/examples_rclpy_minimal_action_server/lib/examples_rclpy_minimal_action_server
[1.307s] Installing server_not_composable script to /home/yahboom/intro_ws/install/examples_rclpy_minimal_action_server/lib/examples_rclpy_minimal_action_server
[1.307s] Installing server_queue_goals script to /home/yahboom/intro_ws/install/examples_rclpy_minimal_action_server/lib/examples_rclpy_minimal_action_server
[1.308s] Installing server_single_goal script to /home/yahboom/intro_ws/install/examples_rclpy_minimal_action_server/lib/examples_rclpy_minimal_action_server
[1.308s] 
[1.308s] Installed /home/yahboom/intro_ws/build/examples_rclpy_minimal_action_server
[1.308s] running symlink_data
[1.308s] symbolically linking /home/yahboom/intro_ws/build/examples_rclpy_minimal_action_server/resource/examples_rclpy_minimal_action_server -> /home/yahboom/intro_ws/install/examples_rclpy_minimal_action_server/share/ament_index/resource_index/packages
[1.308s] symbolically linking /home/yahboom/intro_ws/build/examples_rclpy_minimal_action_server/package.xml -> /home/yahboom/intro_ws/install/examples_rclpy_minimal_action_server/share/examples_rclpy_minimal_action_server
[1.481s] Invoked command in '/home/yahboom/intro_ws/build/examples_rclpy_minimal_action_server' returned '0': PYTHONPATH=/home/yahboom/intro_ws/build/examples_rclpy_minimal_action_server/prefix_override:/home/yahboom/intro_ws/install/examples_rclpy_minimal_action_server/lib/python3.10/site-packages:${PYTHONPATH} /usr/bin/python3 -W ignore:setup.py install is deprecated setup.py develop --editable --build-directory /home/yahboom/intro_ws/build/examples_rclpy_minimal_action_server/build --no-deps symlink_data --force
