[0.865s] Invoking command in '/home/yahboom/intro_ws/build/examples_rclpy_executors': PYTHONPATH=/home/yahboom/intro_ws/build/examples_rclpy_executors/prefix_override:/home/yahboom/intro_ws/install/examples_rclpy_executors/lib/python3.10/site-packages:${PYTHONPATH} /usr/bin/python3 -W ignore:setup.py install is deprecated setup.py develop --editable --build-directory /home/yahboom/intro_ws/build/examples_rclpy_executors/build --no-deps symlink_data
[1.115s] running develop
[1.117s] /usr/lib/python3/dist-packages/setuptools/command/easy_install.py:158: EasyInstallDeprecationWarning: easy_install command is deprecated. Use build and pip and other standards-based tools.
[1.117s]   warnings.warn(
[1.265s] running egg_info
[1.266s] writing examples_rclpy_executors.egg-info/PKG-INFO
[1.267s] writing dependency_links to examples_rclpy_executors.egg-info/dependency_links.txt
[1.267s] writing entry points to examples_rclpy_executors.egg-info/entry_points.txt
[1.268s] writing requirements to examples_rclpy_executors.egg-info/requires.txt
[1.268s] writing top-level names to examples_rclpy_executors.egg-info/top_level.txt
[1.271s] reading manifest file 'examples_rclpy_executors.egg-info/SOURCES.txt'
[1.271s] writing manifest file 'examples_rclpy_executors.egg-info/SOURCES.txt'
[1.273s] running build_ext
[1.274s] Creating /home/yahboom/intro_ws/install/examples_rclpy_executors/lib/python3.10/site-packages/examples-rclpy-executors.egg-link (link to .)
[1.275s] Installing callback_group script to /home/yahboom/intro_ws/install/examples_rclpy_executors/lib/examples_rclpy_executors
[1.275s] Installing composed script to /home/yahboom/intro_ws/install/examples_rclpy_executors/lib/examples_rclpy_executors
[1.275s] Installing custom_callback_group script to /home/yahboom/intro_ws/install/examples_rclpy_executors/lib/examples_rclpy_executors
[1.275s] Installing custom_executor script to /home/yahboom/intro_ws/install/examples_rclpy_executors/lib/examples_rclpy_executors
[1.275s] Installing listener script to /home/yahboom/intro_ws/install/examples_rclpy_executors/lib/examples_rclpy_executors
[1.276s] Installing talker script to /home/yahboom/intro_ws/install/examples_rclpy_executors/lib/examples_rclpy_executors
[1.276s] 
[1.276s] Installed /home/yahboom/intro_ws/build/examples_rclpy_executors
[1.276s] running symlink_data
[1.438s] Invoked command in '/home/yahboom/intro_ws/build/examples_rclpy_executors' returned '0': PYTHONPATH=/home/yahboom/intro_ws/build/examples_rclpy_executors/prefix_override:/home/yahboom/intro_ws/install/examples_rclpy_executors/lib/python3.10/site-packages:${PYTHONPATH} /usr/bin/python3 -W ignore:setup.py install is deprecated setup.py develop --editable --build-directory /home/yahboom/intro_ws/build/examples_rclpy_executors/build --no-deps symlink_data
