[0.701s] Invoking command in '/home/yahboom/intro_ws/build/python_parameters': PYTHONPATH=/home/yahboom/intro_ws/build/python_parameters/prefix_override:/home/yahboom/intro_ws/install/python_parameters/lib/python3.10/site-packages:${PYTHONPATH} /usr/bin/python3 -W ignore:setup.py install is deprecated setup.py develop --editable --build-directory /home/yahboom/intro_ws/build/python_parameters/build --no-deps symlink_data
[0.982s] running develop
[0.982s] /usr/lib/python3/dist-packages/setuptools/command/easy_install.py:158: EasyInstallDeprecationWarning: easy_install command is deprecated. Use build and pip and other standards-based tools.
[0.982s]   warnings.warn(
[1.141s] running egg_info
[1.142s] creating python_parameters.egg-info
[1.142s] writing python_parameters.egg-info/PKG-INFO
[1.142s] writing dependency_links to python_parameters.egg-info/dependency_links.txt
[1.142s] writing entry points to python_parameters.egg-info/entry_points.txt
[1.142s] writing requirements to python_parameters.egg-info/requires.txt
[1.142s] writing top-level names to python_parameters.egg-info/top_level.txt
[1.143s] writing manifest file 'python_parameters.egg-info/SOURCES.txt'
[1.158s] reading manifest file 'python_parameters.egg-info/SOURCES.txt'
[1.158s] writing manifest file 'python_parameters.egg-info/SOURCES.txt'
[1.160s] running build_ext
[1.160s] Creating /home/yahboom/intro_ws/install/python_parameters/lib/python3.10/site-packages/python-parameters.egg-link (link to .)
[1.163s] Installing minimal_param_node script to /home/yahboom/intro_ws/install/python_parameters/lib/python_parameters
[1.163s] 
[1.163s] Installed /home/yahboom/intro_ws/build/python_parameters
[1.163s] running symlink_data
[1.163s] creating /home/yahboom/intro_ws/install/python_parameters/share/ament_index
[1.163s] creating /home/yahboom/intro_ws/install/python_parameters/share/ament_index/resource_index
[1.163s] creating /home/yahboom/intro_ws/install/python_parameters/share/ament_index/resource_index/packages
[1.163s] symbolically linking /home/yahboom/intro_ws/build/python_parameters/resource/python_parameters -> /home/yahboom/intro_ws/install/python_parameters/share/ament_index/resource_index/packages
[1.163s] symbolically linking /home/yahboom/intro_ws/build/python_parameters/package.xml -> /home/yahboom/intro_ws/install/python_parameters/share/python_parameters
[1.163s] creating /home/yahboom/intro_ws/install/python_parameters/share/python_parameters/launch
[1.163s] symbolically linking /home/yahboom/intro_ws/build/python_parameters/launch/run_multi_launch.py -> /home/yahboom/intro_ws/install/python_parameters/share/python_parameters/launch
[1.200s] Invoked command in '/home/yahboom/intro_ws/build/python_parameters' returned '0': PYTHONPATH=/home/yahboom/intro_ws/build/python_parameters/prefix_override:/home/yahboom/intro_ws/install/python_parameters/lib/python3.10/site-packages:${PYTHONPATH} /usr/bin/python3 -W ignore:setup.py install is deprecated setup.py develop --editable --build-directory /home/yahboom/intro_ws/build/python_parameters/build --no-deps symlink_data
