[1.214s] Invoking command in '/home/yahboom/intro_ws/build/examples_rclpy_minimal_subscriber': PYTHONPATH=/home/yahboom/intro_ws/build/examples_rclpy_minimal_subscriber/prefix_override:/home/yahboom/intro_ws/install/examples_rclpy_minimal_subscriber/lib/python3.10/site-packages:${PYTHONPATH} /usr/bin/python3 -W ignore:setup.py install is deprecated setup.py develop --uninstall --editable --build-directory /home/yahboom/intro_ws/build/examples_rclpy_minimal_subscriber/build
[1.488s] /usr/lib/python3/dist-packages/setuptools/command/easy_install.py:158: EasyInstallDeprecationWarning: easy_install command is deprecated. Use build and pip and other standards-based tools.
[1.488s]   warnings.warn(
[1.491s] running develop
[1.642s] Removing /home/yahboom/intro_ws/install/examples_rclpy_minimal_subscriber/lib/python3.10/site-packages/examples-rclpy-minimal-subscriber.egg-link (link to .)
[1.686s] Invoked command in '/home/yahboom/intro_ws/build/examples_rclpy_minimal_subscriber' returned '0': PYTHONPATH=/home/yahboom/intro_ws/build/examples_rclpy_minimal_subscriber/prefix_override:/home/yahboom/intro_ws/install/examples_rclpy_minimal_subscriber/lib/python3.10/site-packages:${PYTHONPATH} /usr/bin/python3 -W ignore:setup.py install is deprecated setup.py develop --uninstall --editable --build-directory /home/yahboom/intro_ws/build/examples_rclpy_minimal_subscriber/build
[1.688s] Invoking command in '/home/yahboom/intro_ws/src/examples/rclpy/topics/minimal_subscriber': PYTHONPATH=/home/yahboom/intro_ws/build/examples_rclpy_minimal_subscriber/prefix_override:/home/yahboom/intro_ws/install/examples_rclpy_minimal_subscriber/lib/python3.10/site-packages:${PYTHONPATH} /usr/bin/python3 -W ignore:setup.py install is deprecated setup.py egg_info --egg-base ../../../../../build/examples_rclpy_minimal_subscriber build --build-base /home/yahboom/intro_ws/build/examples_rclpy_minimal_subscriber/build install --record /home/yahboom/intro_ws/build/examples_rclpy_minimal_subscriber/install.log --single-version-externally-managed install_data --force
[1.942s] running egg_info
[1.943s] writing ../../../../../build/examples_rclpy_minimal_subscriber/examples_rclpy_minimal_subscriber.egg-info/PKG-INFO
[1.945s] writing dependency_links to ../../../../../build/examples_rclpy_minimal_subscriber/examples_rclpy_minimal_subscriber.egg-info/dependency_links.txt
[1.946s] writing entry points to ../../../../../build/examples_rclpy_minimal_subscriber/examples_rclpy_minimal_subscriber.egg-info/entry_points.txt
[1.946s] writing requirements to ../../../../../build/examples_rclpy_minimal_subscriber/examples_rclpy_minimal_subscriber.egg-info/requires.txt
[1.947s] writing top-level names to ../../../../../build/examples_rclpy_minimal_subscriber/examples_rclpy_minimal_subscriber.egg-info/top_level.txt
[1.950s] reading manifest file '../../../../../build/examples_rclpy_minimal_subscriber/examples_rclpy_minimal_subscriber.egg-info/SOURCES.txt'
[1.951s] writing manifest file '../../../../../build/examples_rclpy_minimal_subscriber/examples_rclpy_minimal_subscriber.egg-info/SOURCES.txt'
[1.952s] running build
[1.952s] running build_py
[1.952s] creating /home/yahboom/intro_ws/build/examples_rclpy_minimal_subscriber/build
[1.952s] creating /home/yahboom/intro_ws/build/examples_rclpy_minimal_subscriber/build/lib
[1.952s] creating /home/yahboom/intro_ws/build/examples_rclpy_minimal_subscriber/build/lib/examples_rclpy_minimal_subscriber
[1.952s] copying examples_rclpy_minimal_subscriber/subscriber_lambda.py -> /home/yahboom/intro_ws/build/examples_rclpy_minimal_subscriber/build/lib/examples_rclpy_minimal_subscriber
[1.953s] copying examples_rclpy_minimal_subscriber/__init__.py -> /home/yahboom/intro_ws/build/examples_rclpy_minimal_subscriber/build/lib/examples_rclpy_minimal_subscriber
[1.953s] copying examples_rclpy_minimal_subscriber/subscriber_old_school.py -> /home/yahboom/intro_ws/build/examples_rclpy_minimal_subscriber/build/lib/examples_rclpy_minimal_subscriber
[1.954s] copying examples_rclpy_minimal_subscriber/subscriber_member_function.py -> /home/yahboom/intro_ws/build/examples_rclpy_minimal_subscriber/build/lib/examples_rclpy_minimal_subscriber
[1.954s] running install
[1.955s] running install_lib
[1.957s] creating /home/yahboom/intro_ws/install/examples_rclpy_minimal_subscriber/lib/python3.10/site-packages/examples_rclpy_minimal_subscriber
[1.957s] copying /home/yahboom/intro_ws/build/examples_rclpy_minimal_subscriber/build/lib/examples_rclpy_minimal_subscriber/subscriber_lambda.py -> /home/yahboom/intro_ws/install/examples_rclpy_minimal_subscriber/lib/python3.10/site-packages/examples_rclpy_minimal_subscriber
[1.957s] copying /home/yahboom/intro_ws/build/examples_rclpy_minimal_subscriber/build/lib/examples_rclpy_minimal_subscriber/__init__.py -> /home/yahboom/intro_ws/install/examples_rclpy_minimal_subscriber/lib/python3.10/site-packages/examples_rclpy_minimal_subscriber
[1.958s] copying /home/yahboom/intro_ws/build/examples_rclpy_minimal_subscriber/build/lib/examples_rclpy_minimal_subscriber/subscriber_old_school.py -> /home/yahboom/intro_ws/install/examples_rclpy_minimal_subscriber/lib/python3.10/site-packages/examples_rclpy_minimal_subscriber
[1.958s] copying /home/yahboom/intro_ws/build/examples_rclpy_minimal_subscriber/build/lib/examples_rclpy_minimal_subscriber/subscriber_member_function.py -> /home/yahboom/intro_ws/install/examples_rclpy_minimal_subscriber/lib/python3.10/site-packages/examples_rclpy_minimal_subscriber
[1.958s] byte-compiling /home/yahboom/intro_ws/install/examples_rclpy_minimal_subscriber/lib/python3.10/site-packages/examples_rclpy_minimal_subscriber/subscriber_lambda.py to subscriber_lambda.cpython-310.pyc
[1.958s] byte-compiling /home/yahboom/intro_ws/install/examples_rclpy_minimal_subscriber/lib/python3.10/site-packages/examples_rclpy_minimal_subscriber/__init__.py to __init__.cpython-310.pyc
[1.958s] byte-compiling /home/yahboom/intro_ws/install/examples_rclpy_minimal_subscriber/lib/python3.10/site-packages/examples_rclpy_minimal_subscriber/subscriber_old_school.py to subscriber_old_school.cpython-310.pyc
[1.958s] byte-compiling /home/yahboom/intro_ws/install/examples_rclpy_minimal_subscriber/lib/python3.10/site-packages/examples_rclpy_minimal_subscriber/subscriber_member_function.py to subscriber_member_function.cpython-310.pyc
[1.959s] running install_data
[1.959s] copying resource/examples_rclpy_minimal_subscriber -> /home/yahboom/intro_ws/install/examples_rclpy_minimal_subscriber/share/ament_index/resource_index/packages
[1.959s] copying package.xml -> /home/yahboom/intro_ws/install/examples_rclpy_minimal_subscriber/share/examples_rclpy_minimal_subscriber
[1.959s] running install_egg_info
[1.962s] Copying ../../../../../build/examples_rclpy_minimal_subscriber/examples_rclpy_minimal_subscriber.egg-info to /home/yahboom/intro_ws/install/examples_rclpy_minimal_subscriber/lib/python3.10/site-packages/examples_rclpy_minimal_subscriber-0.15.5-py3.10.egg-info
[1.965s] running install_scripts
[1.989s] Installing subscriber_lambda script to /home/yahboom/intro_ws/install/examples_rclpy_minimal_subscriber/lib/examples_rclpy_minimal_subscriber
[1.992s] Installing subscriber_member_function script to /home/yahboom/intro_ws/install/examples_rclpy_minimal_subscriber/lib/examples_rclpy_minimal_subscriber
[1.992s] Installing subscriber_old_school script to /home/yahboom/intro_ws/install/examples_rclpy_minimal_subscriber/lib/examples_rclpy_minimal_subscriber
[1.992s] writing list of installed files to '/home/yahboom/intro_ws/build/examples_rclpy_minimal_subscriber/install.log'
[2.024s] Invoked command in '/home/yahboom/intro_ws/src/examples/rclpy/topics/minimal_subscriber' returned '0': PYTHONPATH=/home/yahboom/intro_ws/build/examples_rclpy_minimal_subscriber/prefix_override:/home/yahboom/intro_ws/install/examples_rclpy_minimal_subscriber/lib/python3.10/site-packages:${PYTHONPATH} /usr/bin/python3 -W ignore:setup.py install is deprecated setup.py egg_info --egg-base ../../../../../build/examples_rclpy_minimal_subscriber build --build-base /home/yahboom/intro_ws/build/examples_rclpy_minimal_subscriber/build install --record /home/yahboom/intro_ws/build/examples_rclpy_minimal_subscriber/install.log --single-version-externally-managed install_data --force
