[0.909s] Invoking command in '/home/yahboom/intro_ws/build/examples_rclpy_guard_conditions': PYTHONPATH=/home/yahboom/intro_ws/build/examples_rclpy_guard_conditions/prefix_override:/home/yahboom/intro_ws/install/examples_rclpy_guard_conditions/lib/python3.10/site-packages:${PYTHONPATH} /usr/bin/python3 -W ignore:setup.py install is deprecated setup.py develop --editable --build-directory /home/yahboom/intro_ws/build/examples_rclpy_guard_conditions/build --no-deps symlink_data
[1.228s] running develop
[1.230s] /usr/lib/python3/dist-packages/setuptools/command/easy_install.py:158: EasyInstallDeprecationWarning: easy_install command is deprecated. Use build and pip and other standards-based tools.
[1.230s]   warnings.warn(
[1.407s] running egg_info
[1.407s] creating examples_rclpy_guard_conditions.egg-info
[1.411s] writing examples_rclpy_guard_conditions.egg-info/PKG-INFO
[1.411s] writing dependency_links to examples_rclpy_guard_conditions.egg-info/dependency_links.txt
[1.411s] writing entry points to examples_rclpy_guard_conditions.egg-info/entry_points.txt
[1.411s] writing requirements to examples_rclpy_guard_conditions.egg-info/requires.txt
[1.411s] writing top-level names to examples_rclpy_guard_conditions.egg-info/top_level.txt
[1.411s] writing manifest file 'examples_rclpy_guard_conditions.egg-info/SOURCES.txt'
[1.413s] reading manifest file 'examples_rclpy_guard_conditions.egg-info/SOURCES.txt'
[1.415s] writing manifest file 'examples_rclpy_guard_conditions.egg-info/SOURCES.txt'
[1.417s] running build_ext
[1.417s] Creating /home/yahboom/intro_ws/install/examples_rclpy_guard_conditions/lib/python3.10/site-packages/examples-rclpy-guard-conditions.egg-link (link to .)
[1.418s] Installing trigger_guard_condition script to /home/yahboom/intro_ws/install/examples_rclpy_guard_conditions/lib/examples_rclpy_guard_conditions
[1.419s] 
[1.419s] Installed /home/yahboom/intro_ws/build/examples_rclpy_guard_conditions
[1.419s] running symlink_data
[1.421s] creating /home/yahboom/intro_ws/install/examples_rclpy_guard_conditions/share/ament_index
[1.421s] creating /home/yahboom/intro_ws/install/examples_rclpy_guard_conditions/share/ament_index/resource_index
[1.421s] creating /home/yahboom/intro_ws/install/examples_rclpy_guard_conditions/share/ament_index/resource_index/packages
[1.421s] symbolically linking /home/yahboom/intro_ws/build/examples_rclpy_guard_conditions/resource/examples_rclpy_guard_conditions -> /home/yahboom/intro_ws/install/examples_rclpy_guard_conditions/share/ament_index/resource_index/packages
[1.421s] symbolically linking /home/yahboom/intro_ws/build/examples_rclpy_guard_conditions/package.xml -> /home/yahboom/intro_ws/install/examples_rclpy_guard_conditions/share/examples_rclpy_guard_conditions
[1.467s] Invoked command in '/home/yahboom/intro_ws/build/examples_rclpy_guard_conditions' returned '0': PYTHONPATH=/home/yahboom/intro_ws/build/examples_rclpy_guard_conditions/prefix_override:/home/yahboom/intro_ws/install/examples_rclpy_guard_conditions/lib/python3.10/site-packages:${PYTHONPATH} /usr/bin/python3 -W ignore:setup.py install is deprecated setup.py develop --editable --build-directory /home/yahboom/intro_ws/build/examples_rclpy_guard_conditions/build --no-deps symlink_data
