[0.838s] Invoking command in '/home/yahboom/intro_ws/build/examples_rclpy_executors': PYTHONPATH=/home/yahboom/intro_ws/build/examples_rclpy_executors/prefix_override:/home/yahboom/intro_ws/install/examples_rclpy_executors/lib/python3.10/site-packages:${PYTHONPATH} /usr/bin/python3 -W ignore:setup.py install is deprecated setup.py develop --editable --build-directory /home/yahboom/intro_ws/build/examples_rclpy_executors/build --no-deps symlink_data
[1.090s] running develop
[1.091s] /usr/lib/python3/dist-packages/setuptools/command/easy_install.py:158: EasyInstallDeprecationWarning: easy_install command is deprecated. Use build and pip and other standards-based tools.
[1.091s]   warnings.warn(
[1.252s] running egg_info
[1.252s] writing examples_rclpy_executors.egg-info/PKG-INFO
[1.253s] writing dependency_links to examples_rclpy_executors.egg-info/dependency_links.txt
[1.253s] writing entry points to examples_rclpy_executors.egg-info/entry_points.txt
[1.253s] writing requirements to examples_rclpy_executors.egg-info/requires.txt
[1.254s] writing top-level names to examples_rclpy_executors.egg-info/top_level.txt
[1.256s] reading manifest file 'examples_rclpy_executors.egg-info/SOURCES.txt'
[1.257s] writing manifest file 'examples_rclpy_executors.egg-info/SOURCES.txt'
[1.259s] running build_ext
[1.259s] Creating /home/yahboom/intro_ws/install/examples_rclpy_executors/lib/python3.10/site-packages/examples-rclpy-executors.egg-link (link to .)
[1.260s] Installing callback_group script to /home/yahboom/intro_ws/install/examples_rclpy_executors/lib/examples_rclpy_executors
[1.260s] Installing composed script to /home/yahboom/intro_ws/install/examples_rclpy_executors/lib/examples_rclpy_executors
[1.260s] Installing custom_callback_group script to /home/yahboom/intro_ws/install/examples_rclpy_executors/lib/examples_rclpy_executors
[1.260s] Installing custom_executor script to /home/yahboom/intro_ws/install/examples_rclpy_executors/lib/examples_rclpy_executors
[1.260s] Installing listener script to /home/yahboom/intro_ws/install/examples_rclpy_executors/lib/examples_rclpy_executors
[1.260s] Installing talker script to /home/yahboom/intro_ws/install/examples_rclpy_executors/lib/examples_rclpy_executors
[1.261s] 
[1.261s] Installed /home/yahboom/intro_ws/build/examples_rclpy_executors
[1.261s] running symlink_data
[1.393s] Invoked command in '/home/yahboom/intro_ws/build/examples_rclpy_executors' returned '0': PYTHONPATH=/home/yahboom/intro_ws/build/examples_rclpy_executors/prefix_override:/home/yahboom/intro_ws/install/examples_rclpy_executors/lib/python3.10/site-packages:${PYTHONPATH} /usr/bin/python3 -W ignore:setup.py install is deprecated setup.py develop --editable --build-directory /home/yahboom/intro_ws/build/examples_rclpy_executors/build --no-deps symlink_data
