[0.809s] Invoking command in '/home/yahboom/intro_ws/build/examples_rclpy_minimal_action_server': PYTHONPATH=/home/yahboom/intro_ws/build/examples_rclpy_minimal_action_server/prefix_override:/home/yahboom/intro_ws/install/examples_rclpy_minimal_action_server/lib/python3.10/site-packages:${PYTHONPATH} /usr/bin/python3 -W ignore:setup.py install is deprecated setup.py develop --editable --build-directory /home/yahboom/intro_ws/build/examples_rclpy_minimal_action_server/build --no-deps symlink_data
[1.050s] running develop
[1.050s] /usr/lib/python3/dist-packages/setuptools/command/easy_install.py:158: EasyInstallDeprecationWarning: easy_install command is deprecated. Use build and pip and other standards-based tools.
[1.050s]   warnings.warn(
[1.233s] running egg_info
[1.234s] writing examples_rclpy_minimal_action_server.egg-info/PKG-INFO
[1.234s] writing dependency_links to examples_rclpy_minimal_action_server.egg-info/dependency_links.txt
[1.234s] writing entry points to examples_rclpy_minimal_action_server.egg-info/entry_points.txt
[1.235s] writing requirements to examples_rclpy_minimal_action_server.egg-info/requires.txt
[1.236s] writing top-level names to examples_rclpy_minimal_action_server.egg-info/top_level.txt
[1.241s] reading manifest file 'examples_rclpy_minimal_action_server.egg-info/SOURCES.txt'
[1.243s] writing manifest file 'examples_rclpy_minimal_action_server.egg-info/SOURCES.txt'
[1.248s] running build_ext
[1.248s] Creating /home/yahboom/intro_ws/install/examples_rclpy_minimal_action_server/lib/python3.10/site-packages/examples-rclpy-minimal-action-server.egg-link (link to .)
[1.248s] Installing server script to /home/yahboom/intro_ws/install/examples_rclpy_minimal_action_server/lib/examples_rclpy_minimal_action_server
[1.249s] Installing server_defer script to /home/yahboom/intro_ws/install/examples_rclpy_minimal_action_server/lib/examples_rclpy_minimal_action_server
[1.249s] Installing server_not_composable script to /home/yahboom/intro_ws/install/examples_rclpy_minimal_action_server/lib/examples_rclpy_minimal_action_server
[1.249s] Installing server_queue_goals script to /home/yahboom/intro_ws/install/examples_rclpy_minimal_action_server/lib/examples_rclpy_minimal_action_server
[1.251s] Installing server_single_goal script to /home/yahboom/intro_ws/install/examples_rclpy_minimal_action_server/lib/examples_rclpy_minimal_action_server
[1.251s] 
[1.251s] Installed /home/yahboom/intro_ws/build/examples_rclpy_minimal_action_server
[1.251s] running symlink_data
[1.448s] Invoked command in '/home/yahboom/intro_ws/build/examples_rclpy_minimal_action_server' returned '0': PYTHONPATH=/home/yahboom/intro_ws/build/examples_rclpy_minimal_action_server/prefix_override:/home/yahboom/intro_ws/install/examples_rclpy_minimal_action_server/lib/python3.10/site-packages:${PYTHONPATH} /usr/bin/python3 -W ignore:setup.py install is deprecated setup.py develop --editable --build-directory /home/yahboom/intro_ws/build/examples_rclpy_minimal_action_server/build --no-deps symlink_data
