[1.274s] Invoking command in '/home/yahboom/intro_ws/build/examples_rclpy_executors': PYTHONPATH=/home/yahboom/intro_ws/build/examples_rclpy_executors/prefix_override:/home/yahboom/intro_ws/install/examples_rclpy_executors/lib/python3.10/site-packages:${PYTHONPATH} /usr/bin/python3 -W ignore:setup.py install is deprecated setup.py develop --editable --build-directory /home/yahboom/intro_ws/build/examples_rclpy_executors/build --no-deps symlink_data
[1.594s] running develop
[1.597s] /usr/lib/python3/dist-packages/setuptools/command/easy_install.py:158: EasyInstallDeprecationWarning: easy_install command is deprecated. Use build and pip and other standards-based tools.
[1.597s]   warnings.warn(
[1.813s] running egg_info
[1.815s] creating examples_rclpy_executors.egg-info
[1.816s] writing examples_rclpy_executors.egg-info/PKG-INFO
[1.816s] writing dependency_links to examples_rclpy_executors.egg-info/dependency_links.txt
[1.816s] writing entry points to examples_rclpy_executors.egg-info/entry_points.txt
[1.817s] writing requirements to examples_rclpy_executors.egg-info/requires.txt
[1.817s] writing top-level names to examples_rclpy_executors.egg-info/top_level.txt
[1.821s] writing manifest file 'examples_rclpy_executors.egg-info/SOURCES.txt'
[1.824s] reading manifest file 'examples_rclpy_executors.egg-info/SOURCES.txt'
[1.824s] writing manifest file 'examples_rclpy_executors.egg-info/SOURCES.txt'
[1.828s] running build_ext
[1.828s] Creating /home/yahboom/intro_ws/install/examples_rclpy_executors/lib/python3.10/site-packages/examples-rclpy-executors.egg-link (link to .)
[1.829s] Installing callback_group script to /home/yahboom/intro_ws/install/examples_rclpy_executors/lib/examples_rclpy_executors
[1.830s] Installing composed script to /home/yahboom/intro_ws/install/examples_rclpy_executors/lib/examples_rclpy_executors
[1.830s] Installing custom_callback_group script to /home/yahboom/intro_ws/install/examples_rclpy_executors/lib/examples_rclpy_executors
[1.832s] Installing custom_executor script to /home/yahboom/intro_ws/install/examples_rclpy_executors/lib/examples_rclpy_executors
[1.832s] Installing listener script to /home/yahboom/intro_ws/install/examples_rclpy_executors/lib/examples_rclpy_executors
[1.832s] Installing talker script to /home/yahboom/intro_ws/install/examples_rclpy_executors/lib/examples_rclpy_executors
[1.832s] 
[1.832s] Installed /home/yahboom/intro_ws/build/examples_rclpy_executors
[1.832s] running symlink_data
[1.832s] creating /home/yahboom/intro_ws/install/examples_rclpy_executors/share/ament_index
[1.832s] creating /home/yahboom/intro_ws/install/examples_rclpy_executors/share/ament_index/resource_index
[1.832s] creating /home/yahboom/intro_ws/install/examples_rclpy_executors/share/ament_index/resource_index/packages
[1.832s] symbolically linking /home/yahboom/intro_ws/build/examples_rclpy_executors/resource/examples_rclpy_executors -> /home/yahboom/intro_ws/install/examples_rclpy_executors/share/ament_index/resource_index/packages
[1.832s] symbolically linking /home/yahboom/intro_ws/build/examples_rclpy_executors/package.xml -> /home/yahboom/intro_ws/install/examples_rclpy_executors/share/examples_rclpy_executors
[1.927s] Invoked command in '/home/yahboom/intro_ws/build/examples_rclpy_executors' returned '0': PYTHONPATH=/home/yahboom/intro_ws/build/examples_rclpy_executors/prefix_override:/home/yahboom/intro_ws/install/examples_rclpy_executors/lib/python3.10/site-packages:${PYTHONPATH} /usr/bin/python3 -W ignore:setup.py install is deprecated setup.py develop --editable --build-directory /home/yahboom/intro_ws/build/examples_rclpy_executors/build --no-deps symlink_data
