[1.024s] Invoking command in '/home/yahboom/intro_ws/build/examples_rclpy_executors': PYTHONPATH=/home/yahboom/intro_ws/build/examples_rclpy_executors/prefix_override:/home/yahboom/intro_ws/install/examples_rclpy_executors/lib/python3.10/site-packages:${PYTHONPATH} /usr/bin/python3 -W ignore:setup.py install is deprecated setup.py develop --editable --build-directory /home/yahboom/intro_ws/build/examples_rclpy_executors/build --no-deps symlink_data
[1.309s] running develop
[1.309s] /usr/lib/python3/dist-packages/setuptools/command/easy_install.py:158: EasyInstallDeprecationWarning: easy_install command is deprecated. Use build and pip and other standards-based tools.
[1.309s]   warnings.warn(
[1.475s] running egg_info
[1.476s] writing examples_rclpy_executors.egg-info/PKG-INFO
[1.477s] writing dependency_links to examples_rclpy_executors.egg-info/dependency_links.txt
[1.477s] writing entry points to examples_rclpy_executors.egg-info/entry_points.txt
[1.478s] writing requirements to examples_rclpy_executors.egg-info/requires.txt
[1.478s] writing top-level names to examples_rclpy_executors.egg-info/top_level.txt
[1.480s] reading manifest file 'examples_rclpy_executors.egg-info/SOURCES.txt'
[1.481s] writing manifest file 'examples_rclpy_executors.egg-info/SOURCES.txt'
[1.484s] running build_ext
[1.484s] Creating /home/yahboom/intro_ws/install/examples_rclpy_executors/lib/python3.10/site-packages/examples-rclpy-executors.egg-link (link to .)
[1.485s] Installing callback_group script to /home/yahboom/intro_ws/install/examples_rclpy_executors/lib/examples_rclpy_executors
[1.485s] Installing composed script to /home/yahboom/intro_ws/install/examples_rclpy_executors/lib/examples_rclpy_executors
[1.486s] Installing custom_callback_group script to /home/yahboom/intro_ws/install/examples_rclpy_executors/lib/examples_rclpy_executors
[1.486s] Installing custom_executor script to /home/yahboom/intro_ws/install/examples_rclpy_executors/lib/examples_rclpy_executors
[1.486s] Installing listener script to /home/yahboom/intro_ws/install/examples_rclpy_executors/lib/examples_rclpy_executors
[1.486s] Installing talker script to /home/yahboom/intro_ws/install/examples_rclpy_executors/lib/examples_rclpy_executors
[1.486s] 
[1.486s] Installed /home/yahboom/intro_ws/build/examples_rclpy_executors
[1.486s] running symlink_data
[1.611s] Invoked command in '/home/yahboom/intro_ws/build/examples_rclpy_executors' returned '0': PYTHONPATH=/home/yahboom/intro_ws/build/examples_rclpy_executors/prefix_override:/home/yahboom/intro_ws/install/examples_rclpy_executors/lib/python3.10/site-packages:${PYTHONPATH} /usr/bin/python3 -W ignore:setup.py install is deprecated setup.py develop --editable --build-directory /home/yahboom/intro_ws/build/examples_rclpy_executors/build --no-deps symlink_data
