[0.589s] Invoking command in '/home/yahboom/roscourse_ws/src/teleop_twist_keyboard': PYTHONPATH=/home/yahboom/roscourse_ws/build/teleop_twist_keyboard/prefix_override:/home/yahboom/roscourse_ws/install/teleop_twist_keyboard/lib/python3.10/site-packages:${PYTHONPATH} /usr/bin/python3 -W ignore:setup.py install is deprecated setup.py egg_info --egg-base ../../build/teleop_twist_keyboard build --build-base /home/yahboom/roscourse_ws/build/teleop_twist_keyboard/build install --record /home/yahboom/roscourse_ws/build/teleop_twist_keyboard/install.log --single-version-externally-managed install_data
[0.807s] running egg_info
[0.807s] creating ../../build/teleop_twist_keyboard/teleop_twist_keyboard.egg-info
[0.807s] writing ../../build/teleop_twist_keyboard/teleop_twist_keyboard.egg-info/PKG-INFO
[0.808s] writing dependency_links to ../../build/teleop_twist_keyboard/teleop_twist_keyboard.egg-info/dependency_links.txt
[0.808s] writing entry points to ../../build/teleop_twist_keyboard/teleop_twist_keyboard.egg-info/entry_points.txt
[0.808s] writing requirements to ../../build/teleop_twist_keyboard/teleop_twist_keyboard.egg-info/requires.txt
[0.808s] writing top-level names to ../../build/teleop_twist_keyboard/teleop_twist_keyboard.egg-info/top_level.txt
[0.808s] writing manifest file '../../build/teleop_twist_keyboard/teleop_twist_keyboard.egg-info/SOURCES.txt'
[0.809s] reading manifest file '../../build/teleop_twist_keyboard/teleop_twist_keyboard.egg-info/SOURCES.txt'
[0.809s] adding license file 'LICENSE'
[0.810s] writing manifest file '../../build/teleop_twist_keyboard/teleop_twist_keyboard.egg-info/SOURCES.txt'
[0.811s] running build
[0.811s] running build_py
[0.811s] creating /home/yahboom/roscourse_ws/build/teleop_twist_keyboard/build
[0.811s] creating /home/yahboom/roscourse_ws/build/teleop_twist_keyboard/build/lib
[0.811s] copying teleop_twist_keyboard.py -> /home/yahboom/roscourse_ws/build/teleop_twist_keyboard/build/lib
[0.811s] running install
[0.811s] running install_lib
[0.812s] copying /home/yahboom/roscourse_ws/build/teleop_twist_keyboard/build/lib/teleop_twist_keyboard.py -> /home/yahboom/roscourse_ws/install/teleop_twist_keyboard/lib/python3.10/site-packages
[0.812s] byte-compiling /home/yahboom/roscourse_ws/install/teleop_twist_keyboard/lib/python3.10/site-packages/teleop_twist_keyboard.py to teleop_twist_keyboard.cpython-310.pyc
[0.813s] running install_data
[0.813s] creating /home/yahboom/roscourse_ws/install/teleop_twist_keyboard/share/ament_index
[0.814s] creating /home/yahboom/roscourse_ws/install/teleop_twist_keyboard/share/ament_index/resource_index
[0.814s] creating /home/yahboom/roscourse_ws/install/teleop_twist_keyboard/share/ament_index/resource_index/packages
[0.814s] copying resource/teleop_twist_keyboard -> /home/yahboom/roscourse_ws/install/teleop_twist_keyboard/share/ament_index/resource_index/packages
[0.814s] copying package.xml -> /home/yahboom/roscourse_ws/install/teleop_twist_keyboard/share/teleop_twist_keyboard
[0.814s] running install_egg_info
[0.816s] Copying ../../build/teleop_twist_keyboard/teleop_twist_keyboard.egg-info to /home/yahboom/roscourse_ws/install/teleop_twist_keyboard/lib/python3.10/site-packages/teleop_twist_keyboard-2.4.1-py3.10.egg-info
[0.817s] running install_scripts
[0.837s] Installing teleop_twist_keyboard script to /home/yahboom/roscourse_ws/install/teleop_twist_keyboard/lib/teleop_twist_keyboard
[0.837s] writing list of installed files to '/home/yahboom/roscourse_ws/build/teleop_twist_keyboard/install.log'
[0.859s] Invoked command in '/home/yahboom/roscourse_ws/src/teleop_twist_keyboard' returned '0': PYTHONPATH=/home/yahboom/roscourse_ws/build/teleop_twist_keyboard/prefix_override:/home/yahboom/roscourse_ws/install/teleop_twist_keyboard/lib/python3.10/site-packages:${PYTHONPATH} /usr/bin/python3 -W ignore:setup.py install is deprecated setup.py egg_info --egg-base ../../build/teleop_twist_keyboard build --build-base /home/yahboom/roscourse_ws/build/teleop_twist_keyboard/build install --record /home/yahboom/roscourse_ws/build/teleop_twist_keyboard/install.log --single-version-externally-managed install_data
