[0.890s] Invoking command in '/home/yahboom/intro_ws/build/examples_rclpy_minimal_service': PYTHONPATH=/home/yahboom/intro_ws/build/examples_rclpy_minimal_service/prefix_override:/home/yahboom/intro_ws/install/examples_rclpy_minimal_service/lib/python3.10/site-packages:${PYTHONPATH} /usr/bin/python3 -W ignore:setup.py install is deprecated setup.py develop --editable --build-directory /home/yahboom/intro_ws/build/examples_rclpy_minimal_service/build --no-deps symlink_data
[1.175s] /usr/lib/python3/dist-packages/setuptools/command/easy_install.py:158: EasyInstallDeprecationWarning: easy_install command is deprecated. Use build and pip and other standards-based tools.
[1.176s]   warnings.warn(
[1.176s] running develop
[1.339s] running egg_info
[1.340s] writing examples_rclpy_minimal_service.egg-info/PKG-INFO
[1.340s] writing dependency_links to examples_rclpy_minimal_service.egg-info/dependency_links.txt
[1.340s] writing entry points to examples_rclpy_minimal_service.egg-info/entry_points.txt
[1.340s] writing requirements to examples_rclpy_minimal_service.egg-info/requires.txt
[1.340s] writing top-level names to examples_rclpy_minimal_service.egg-info/top_level.txt
[1.342s] reading manifest file 'examples_rclpy_minimal_service.egg-info/SOURCES.txt'
[1.345s] writing manifest file 'examples_rclpy_minimal_service.egg-info/SOURCES.txt'
[1.347s] running build_ext
[1.347s] Creating /home/yahboom/intro_ws/install/examples_rclpy_minimal_service/lib/python3.10/site-packages/examples-rclpy-minimal-service.egg-link (link to .)
[1.347s] Installing service script to /home/yahboom/intro_ws/install/examples_rclpy_minimal_service/lib/examples_rclpy_minimal_service
[1.347s] Installing service_member_function script to /home/yahboom/intro_ws/install/examples_rclpy_minimal_service/lib/examples_rclpy_minimal_service
[1.348s] 
[1.348s] Installed /home/yahboom/intro_ws/build/examples_rclpy_minimal_service
[1.348s] running symlink_data
[1.568s] Invoked command in '/home/yahboom/intro_ws/build/examples_rclpy_minimal_service' returned '0': PYTHONPATH=/home/yahboom/intro_ws/build/examples_rclpy_minimal_service/prefix_override:/home/yahboom/intro_ws/install/examples_rclpy_minimal_service/lib/python3.10/site-packages:${PYTHONPATH} /usr/bin/python3 -W ignore:setup.py install is deprecated setup.py develop --editable --build-directory /home/yahboom/intro_ws/build/examples_rclpy_minimal_service/build --no-deps symlink_data
