[0.727s] Invoking command in '/home/yahboom/roscourse_ws/build/webcam': PYTHONPATH=/home/yahboom/roscourse_ws/build/webcam/prefix_override:/home/yahboom/roscourse_ws/install/webcam/lib/python3.10/site-packages:${PYTHONPATH} /usr/bin/python3 -W ignore:setup.py install is deprecated setup.py develop --uninstall --editable --build-directory /home/yahboom/roscourse_ws/build/webcam/build
[0.980s] running develop
[0.980s] /usr/lib/python3/dist-packages/setuptools/command/easy_install.py:158: EasyInstallDeprecationWarning: easy_install command is deprecated. Use build and pip and other standards-based tools.
[0.980s]   warnings.warn(
[1.114s] Removing /home/yahboom/roscourse_ws/install/webcam/lib/python3.10/site-packages/webcam.egg-link (link to .)
[1.151s] Invoked command in '/home/yahboom/roscourse_ws/build/webcam' returned '0': PYTHONPATH=/home/yahboom/roscourse_ws/build/webcam/prefix_override:/home/yahboom/roscourse_ws/install/webcam/lib/python3.10/site-packages:${PYTHONPATH} /usr/bin/python3 -W ignore:setup.py install is deprecated setup.py develop --uninstall --editable --build-directory /home/yahboom/roscourse_ws/build/webcam/build
[1.153s] Invoking command in '/home/yahboom/roscourse_ws/src/webcam': PYTHONPATH=/home/yahboom/roscourse_ws/build/webcam/prefix_override:/home/yahboom/roscourse_ws/install/webcam/lib/python3.10/site-packages:${PYTHONPATH} /usr/bin/python3 -W ignore:setup.py install is deprecated setup.py egg_info --egg-base ../../build/webcam build --build-base /home/yahboom/roscourse_ws/build/webcam/build install --record /home/yahboom/roscourse_ws/build/webcam/install.log --single-version-externally-managed install_data --force
[1.412s] running egg_info
[1.413s] writing ../../build/webcam/webcam.egg-info/PKG-INFO
[1.414s] writing dependency_links to ../../build/webcam/webcam.egg-info/dependency_links.txt
[1.415s] writing entry points to ../../build/webcam/webcam.egg-info/entry_points.txt
[1.415s] writing requirements to ../../build/webcam/webcam.egg-info/requires.txt
[1.416s] writing top-level names to ../../build/webcam/webcam.egg-info/top_level.txt
[1.420s] reading manifest file '../../build/webcam/webcam.egg-info/SOURCES.txt'
[1.420s] writing manifest file '../../build/webcam/webcam.egg-info/SOURCES.txt'
[1.421s] running build
[1.421s] running build_py
[1.421s] creating /home/yahboom/roscourse_ws/build/webcam/build
[1.421s] creating /home/yahboom/roscourse_ws/build/webcam/build/lib
[1.421s] creating /home/yahboom/roscourse_ws/build/webcam/build/lib/webcam
[1.421s] copying webcam/cam_sub.py -> /home/yahboom/roscourse_ws/build/webcam/build/lib/webcam
[1.422s] copying webcam/__init__.py -> /home/yahboom/roscourse_ws/build/webcam/build/lib/webcam
[1.422s] copying webcam/cam_pub.py -> /home/yahboom/roscourse_ws/build/webcam/build/lib/webcam
[1.423s] running install
[1.423s] running install_lib
[1.425s] creating /home/yahboom/roscourse_ws/install/webcam/lib/python3.10/site-packages/webcam
[1.425s] copying /home/yahboom/roscourse_ws/build/webcam/build/lib/webcam/cam_sub.py -> /home/yahboom/roscourse_ws/install/webcam/lib/python3.10/site-packages/webcam
[1.426s] copying /home/yahboom/roscourse_ws/build/webcam/build/lib/webcam/__init__.py -> /home/yahboom/roscourse_ws/install/webcam/lib/python3.10/site-packages/webcam
[1.426s] copying /home/yahboom/roscourse_ws/build/webcam/build/lib/webcam/cam_pub.py -> /home/yahboom/roscourse_ws/install/webcam/lib/python3.10/site-packages/webcam
[1.426s] byte-compiling /home/yahboom/roscourse_ws/install/webcam/lib/python3.10/site-packages/webcam/cam_sub.py to cam_sub.cpython-310.pyc
[1.427s] byte-compiling /home/yahboom/roscourse_ws/install/webcam/lib/python3.10/site-packages/webcam/__init__.py to __init__.cpython-310.pyc
[1.427s] byte-compiling /home/yahboom/roscourse_ws/install/webcam/lib/python3.10/site-packages/webcam/cam_pub.py to cam_pub.cpython-310.pyc
[1.427s] running install_data
[1.428s] copying resource/webcam -> /home/yahboom/roscourse_ws/install/webcam/share/ament_index/resource_index/packages
[1.429s] copying package.xml -> /home/yahboom/roscourse_ws/install/webcam/share/webcam
[1.429s] running install_egg_info
[1.432s] Copying ../../build/webcam/webcam.egg-info to /home/yahboom/roscourse_ws/install/webcam/lib/python3.10/site-packages/webcam-0.0.0-py3.10.egg-info
[1.433s] running install_scripts
[1.460s] Installing webcam_pub script to /home/yahboom/roscourse_ws/install/webcam/lib/webcam
[1.461s] Installing webcam_sub script to /home/yahboom/roscourse_ws/install/webcam/lib/webcam
[1.462s] writing list of installed files to '/home/yahboom/roscourse_ws/build/webcam/install.log'
[1.488s] Invoked command in '/home/yahboom/roscourse_ws/src/webcam' returned '0': PYTHONPATH=/home/yahboom/roscourse_ws/build/webcam/prefix_override:/home/yahboom/roscourse_ws/install/webcam/lib/python3.10/site-packages:${PYTHONPATH} /usr/bin/python3 -W ignore:setup.py install is deprecated setup.py egg_info --egg-base ../../build/webcam build --build-base /home/yahboom/roscourse_ws/build/webcam/build install --record /home/yahboom/roscourse_ws/build/webcam/install.log --single-version-externally-managed install_data --force
