[0.693s] Invoking command in '/home/yahboom/intro_ws/build/examples_rclpy_minimal_service': PYTHONPATH=/home/yahboom/intro_ws/build/examples_rclpy_minimal_service/prefix_override:/home/yahboom/intro_ws/install/examples_rclpy_minimal_service/lib/python3.10/site-packages:${PYTHONPATH} /usr/bin/python3 -W ignore:setup.py install is deprecated setup.py develop --editable --build-directory /home/yahboom/intro_ws/build/examples_rclpy_minimal_service/build --no-deps symlink_data
[1.000s] running develop
[1.001s] /usr/lib/python3/dist-packages/setuptools/command/easy_install.py:158: EasyInstallDeprecationWarning: easy_install command is deprecated. Use build and pip and other standards-based tools.
[1.001s]   warnings.warn(
[1.158s] running egg_info
[1.158s] creating examples_rclpy_minimal_service.egg-info
[1.158s] writing examples_rclpy_minimal_service.egg-info/PKG-INFO
[1.159s] writing dependency_links to examples_rclpy_minimal_service.egg-info/dependency_links.txt
[1.159s] writing entry points to examples_rclpy_minimal_service.egg-info/entry_points.txt
[1.160s] writing requirements to examples_rclpy_minimal_service.egg-info/requires.txt
[1.160s] writing top-level names to examples_rclpy_minimal_service.egg-info/top_level.txt
[1.160s] writing manifest file 'examples_rclpy_minimal_service.egg-info/SOURCES.txt'
[1.166s] reading manifest file 'examples_rclpy_minimal_service.egg-info/SOURCES.txt'
[1.168s] writing manifest file 'examples_rclpy_minimal_service.egg-info/SOURCES.txt'
[1.168s] running build_ext
[1.168s] Creating /home/yahboom/intro_ws/install/examples_rclpy_minimal_service/lib/python3.10/site-packages/examples-rclpy-minimal-service.egg-link (link to .)
[1.169s] Installing service script to /home/yahboom/intro_ws/install/examples_rclpy_minimal_service/lib/examples_rclpy_minimal_service
[1.169s] Installing service_member_function script to /home/yahboom/intro_ws/install/examples_rclpy_minimal_service/lib/examples_rclpy_minimal_service
[1.170s] 
[1.170s] Installed /home/yahboom/intro_ws/build/examples_rclpy_minimal_service
[1.170s] running symlink_data
[1.173s] creating /home/yahboom/intro_ws/install/examples_rclpy_minimal_service/share/ament_index
[1.173s] creating /home/yahboom/intro_ws/install/examples_rclpy_minimal_service/share/ament_index/resource_index
[1.173s] creating /home/yahboom/intro_ws/install/examples_rclpy_minimal_service/share/ament_index/resource_index/packages
[1.173s] symbolically linking /home/yahboom/intro_ws/build/examples_rclpy_minimal_service/resource/examples_rclpy_minimal_service -> /home/yahboom/intro_ws/install/examples_rclpy_minimal_service/share/ament_index/resource_index/packages
[1.173s] symbolically linking /home/yahboom/intro_ws/build/examples_rclpy_minimal_service/package.xml -> /home/yahboom/intro_ws/install/examples_rclpy_minimal_service/share/examples_rclpy_minimal_service
[1.226s] Invoked command in '/home/yahboom/intro_ws/build/examples_rclpy_minimal_service' returned '0': PYTHONPATH=/home/yahboom/intro_ws/build/examples_rclpy_minimal_service/prefix_override:/home/yahboom/intro_ws/install/examples_rclpy_minimal_service/lib/python3.10/site-packages:${PYTHONPATH} /usr/bin/python3 -W ignore:setup.py install is deprecated setup.py develop --editable --build-directory /home/yahboom/intro_ws/build/examples_rclpy_minimal_service/build --no-deps symlink_data
