running develop
Removing /home/yahboom/intro_ws/install/python_parameters/lib/python3.10/site-packages/python-parameters.egg-link (link to .)
running egg_info
writing ../../build/python_parameters/python_parameters.egg-info/PKG-INFO
writing dependency_links to ../../build/python_parameters/python_parameters.egg-info/dependency_links.txt
writing entry points to ../../build/python_parameters/python_parameters.egg-info/entry_points.txt
writing requirements to ../../build/python_parameters/python_parameters.egg-info/requires.txt
writing top-level names to ../../build/python_parameters/python_parameters.egg-info/top_level.txt
reading manifest file '../../build/python_parameters/python_parameters.egg-info/SOURCES.txt'
writing manifest file '../../build/python_parameters/python_parameters.egg-info/SOURCES.txt'
running build
running build_py
creating /home/yahboom/intro_ws/build/python_parameters/build
creating /home/yahboom/intro_ws/build/python_parameters/build/lib
creating /home/yahboom/intro_ws/build/python_parameters/build/lib/python_parameters
copying python_parameters/__init__.py -> /home/yahboom/intro_ws/build/python_parameters/build/lib/python_parameters
copying python_parameters/minimal_param_node.py -> /home/yahboom/intro_ws/build/python_parameters/build/lib/python_parameters
running install
running install_lib
creating /home/yahboom/intro_ws/install/python_parameters/lib/python3.10/site-packages/python_parameters
copying /home/yahboom/intro_ws/build/python_parameters/build/lib/python_parameters/__init__.py -> /home/yahboom/intro_ws/install/python_parameters/lib/python3.10/site-packages/python_parameters
copying /home/yahboom/intro_ws/build/python_parameters/build/lib/python_parameters/minimal_param_node.py -> /home/yahboom/intro_ws/install/python_parameters/lib/python3.10/site-packages/python_parameters
byte-compiling /home/yahboom/intro_ws/install/python_parameters/lib/python3.10/site-packages/python_parameters/__init__.py to __init__.cpython-310.pyc
byte-compiling /home/yahboom/intro_ws/install/python_parameters/lib/python3.10/site-packages/python_parameters/minimal_param_node.py to minimal_param_node.cpython-310.pyc
running install_data
copying resource/python_parameters -> /home/yahboom/intro_ws/install/python_parameters/share/ament_index/resource_index/packages
copying package.xml -> /home/yahboom/intro_ws/install/python_parameters/share/python_parameters
copying launch/run_multi_launch.py -> /home/yahboom/intro_ws/install/python_parameters/share/python_parameters/launch
running install_egg_info
Copying ../../build/python_parameters/python_parameters.egg-info to /home/yahboom/intro_ws/install/python_parameters/lib/python3.10/site-packages/python_parameters-0.0.0-py3.10.egg-info
running install_scripts
Installing minimal_param_node script to /home/yahboom/intro_ws/install/python_parameters/lib/python_parameters
writing list of installed files to '/home/yahboom/intro_ws/build/python_parameters/install.log'
