[0.873s] Invoking command in '/home/yahboom/intro_ws/build/examples_rclpy_minimal_service': PYTHONPATH=/home/yahboom/intro_ws/build/examples_rclpy_minimal_service/prefix_override:/home/yahboom/intro_ws/install/examples_rclpy_minimal_service/lib/python3.10/site-packages:${PYTHONPATH} /usr/bin/python3 -W ignore:setup.py install is deprecated setup.py develop --editable --build-directory /home/yahboom/intro_ws/build/examples_rclpy_minimal_service/build --no-deps symlink_data
[1.133s] running develop
[1.133s] /usr/lib/python3/dist-packages/setuptools/command/easy_install.py:158: EasyInstallDeprecationWarning: easy_install command is deprecated. Use build and pip and other standards-based tools.
[1.133s]   warnings.warn(
[1.275s] running egg_info
[1.276s] writing examples_rclpy_minimal_service.egg-info/PKG-INFO
[1.277s] writing dependency_links to examples_rclpy_minimal_service.egg-info/dependency_links.txt
[1.277s] writing entry points to examples_rclpy_minimal_service.egg-info/entry_points.txt
[1.278s] writing requirements to examples_rclpy_minimal_service.egg-info/requires.txt
[1.278s] writing top-level names to examples_rclpy_minimal_service.egg-info/top_level.txt
[1.281s] reading manifest file 'examples_rclpy_minimal_service.egg-info/SOURCES.txt'
[1.282s] writing manifest file 'examples_rclpy_minimal_service.egg-info/SOURCES.txt'
[1.284s] running build_ext
[1.285s] Creating /home/yahboom/intro_ws/install/examples_rclpy_minimal_service/lib/python3.10/site-packages/examples-rclpy-minimal-service.egg-link (link to .)
[1.290s] Installing service script to /home/yahboom/intro_ws/install/examples_rclpy_minimal_service/lib/examples_rclpy_minimal_service
[1.290s] Installing service_member_function script to /home/yahboom/intro_ws/install/examples_rclpy_minimal_service/lib/examples_rclpy_minimal_service
[1.291s] 
[1.291s] Installed /home/yahboom/intro_ws/build/examples_rclpy_minimal_service
[1.294s] running symlink_data
[1.348s] Invoked command in '/home/yahboom/intro_ws/build/examples_rclpy_minimal_service' returned '0': PYTHONPATH=/home/yahboom/intro_ws/build/examples_rclpy_minimal_service/prefix_override:/home/yahboom/intro_ws/install/examples_rclpy_minimal_service/lib/python3.10/site-packages:${PYTHONPATH} /usr/bin/python3 -W ignore:setup.py install is deprecated setup.py develop --editable --build-directory /home/yahboom/intro_ws/build/examples_rclpy_minimal_service/build --no-deps symlink_data
