[1.013s] Invoking command in '/home/yahboom/intro_ws/build/examples_rclpy_minimal_client': PYTHONPATH=/home/yahboom/intro_ws/build/examples_rclpy_minimal_client/prefix_override:/home/yahboom/intro_ws/install/examples_rclpy_minimal_client/lib/python3.10/site-packages:${PYTHONPATH} /usr/bin/python3 -W ignore:setup.py install is deprecated setup.py develop --editable --build-directory /home/yahboom/intro_ws/build/examples_rclpy_minimal_client/build --no-deps symlink_data
[1.318s] running develop
[1.319s] /usr/lib/python3/dist-packages/setuptools/command/easy_install.py:158: EasyInstallDeprecationWarning: easy_install command is deprecated. Use build and pip and other standards-based tools.
[1.319s]   warnings.warn(
[1.477s] running egg_info
[1.477s] writing examples_rclpy_minimal_client.egg-info/PKG-INFO
[1.479s] writing dependency_links to examples_rclpy_minimal_client.egg-info/dependency_links.txt
[1.479s] writing entry points to examples_rclpy_minimal_client.egg-info/entry_points.txt
[1.480s] writing requirements to examples_rclpy_minimal_client.egg-info/requires.txt
[1.480s] writing top-level names to examples_rclpy_minimal_client.egg-info/top_level.txt
[1.483s] reading manifest file 'examples_rclpy_minimal_client.egg-info/SOURCES.txt'
[1.483s] writing manifest file 'examples_rclpy_minimal_client.egg-info/SOURCES.txt'
[1.486s] running build_ext
[1.486s] Creating /home/yahboom/intro_ws/install/examples_rclpy_minimal_client/lib/python3.10/site-packages/examples-rclpy-minimal-client.egg-link (link to .)
[1.488s] Installing client script to /home/yahboom/intro_ws/install/examples_rclpy_minimal_client/lib/examples_rclpy_minimal_client
[1.488s] Installing client_async script to /home/yahboom/intro_ws/install/examples_rclpy_minimal_client/lib/examples_rclpy_minimal_client
[1.488s] Installing client_async_callback script to /home/yahboom/intro_ws/install/examples_rclpy_minimal_client/lib/examples_rclpy_minimal_client
[1.489s] Installing client_async_member_function script to /home/yahboom/intro_ws/install/examples_rclpy_minimal_client/lib/examples_rclpy_minimal_client
[1.489s] 
[1.489s] Installed /home/yahboom/intro_ws/build/examples_rclpy_minimal_client
[1.489s] running symlink_data
[1.531s] Invoked command in '/home/yahboom/intro_ws/build/examples_rclpy_minimal_client' returned '0': PYTHONPATH=/home/yahboom/intro_ws/build/examples_rclpy_minimal_client/prefix_override:/home/yahboom/intro_ws/install/examples_rclpy_minimal_client/lib/python3.10/site-packages:${PYTHONPATH} /usr/bin/python3 -W ignore:setup.py install is deprecated setup.py develop --editable --build-directory /home/yahboom/intro_ws/build/examples_rclpy_minimal_client/build --no-deps symlink_data
