[0.036s] Invoking command in '/home/yahboom/intro_ws/build/examples_rclcpp_minimal_action_client': CMAKE_PREFIX_PATH=${CMAKE_PREFIX_PATH}:/home/yahboom/intro_ws/install/turtle_test:/home/yahboom/intro_ws/install/time_tf2_py:/home/yahboom/intro_ws/install/test_tf2_py:/home/yahboom/intro_ws/install/python_parameters:/home/yahboom/intro_ws/install/launch_testing_examples:/home/yahboom/intro_ws/install/examples_rclpy_pointcloud_publisher:/home/yahboom/intro_ws/install/examples_rclpy_minimal_subscriber:/home/yahboom/intro_ws/install/examples_rclpy_minimal_service:/home/yahboom/intro_ws/install/examples_rclpy_minimal_publisher:/home/yahboom/intro_ws/install/examples_rclpy_minimal_client:/home/yahboom/intro_ws/install/examples_rclpy_minimal_action_server:/home/yahboom/intro_ws/install/examples_rclpy_minimal_action_client:/home/yahboom/intro_ws/install/examples_rclpy_guard_conditions:/home/yahboom/intro_ws/install/examples_rclpy_executors:/home/yahboom/cartoros2/install/yahboomcar_nav:/home/yahboom/cartoros2/install/yahboomcar_ctrl:/home/yahboom/cartoros2/install/yahboom_visual:/home/yahboom/cartoros2/install/yahboom_dog_joint_state:/home/yahboom/cartoros2/install/yahboom_description:/home/yahboom/cartoros2/install/yahboom_color_identify_server:/home/yahboom/cartoros2/install/yahboom_bringup:/home/yahboom/cartoros2/install/yahboom_base:/home/yahboom/cartoros2/install/yahboom_app_save_map:/home/yahboom/cartoros2/install/update_map:/home/yahboom/cartoros2/install/rosboard:/home/yahboom/cartoros2/install/path_planner_server:/home/yahboom/cartoros2/install/nav2_simple_commander:/home/yahboom/cartoros2/install/nav2_gazebo_spawner:/home/yahboom/cartoros2/install/localization_server:/home/yahboom/cartoros2/install/laserscan_to_point_pulisher:/home/yahboom/yahboomcar_ws/install/yahboom_dog_example:/opt/ros/humble /usr/bin/cmake /home/yahboom/intro_ws/src/examples/rclcpp/actions/minimal_action_client -DAMENT_CMAKE_SYMLINK_INSTALL=1 -DCMAKE_INSTALL_PREFIX=/home/yahboom/intro_ws/install/examples_rclcpp_minimal_action_client
[0.058s] -- Found ament_cmake: 1.3.8 (/opt/ros/humble/share/ament_cmake/cmake)
[0.227s] -- Override CMake install command with custom implementation using symlinks instead of copying resources
[0.233s] -- Found example_interfaces: 0.9.3 (/opt/ros/humble/share/example_interfaces/cmake)
[0.257s] -- Found rosidl_generator_c: 3.1.5 (/opt/ros/humble/share/rosidl_generator_c/cmake)
[0.257s] -- Found rosidl_adapter: 3.1.5 (/opt/ros/humble/share/rosidl_adapter/cmake)
[0.262s] -- Found rosidl_generator_cpp: 3.1.5 (/opt/ros/humble/share/rosidl_generator_cpp/cmake)
[0.278s] -- Using all available rosidl_typesupport_c: rosidl_typesupport_fastrtps_c;rosidl_typesupport_introspection_c
[0.293s] -- Using all available rosidl_typesupport_cpp: rosidl_typesupport_fastrtps_cpp;rosidl_typesupport_introspection_cpp
[0.408s] -- Found rclcpp: 16.0.8 (/opt/ros/humble/share/rclcpp/cmake)
[0.443s] -- Found rmw_implementation_cmake: 6.1.1 (/opt/ros/humble/share/rmw_implementation_cmake/cmake)
[0.449s] -- Found rmw_fastrtps_cpp: 6.2.6 (/opt/ros/humble/share/rmw_fastrtps_cpp/cmake)
[0.646s] -- Using RMW implementation 'rmw_fastrtps_cpp' as default
[0.769s] -- Found rclcpp_action: 16.0.8 (/opt/ros/humble/share/rclcpp_action/cmake)
[0.830s] -- Found ament_lint_auto: 0.12.10 (/opt/ros/humble/share/ament_lint_auto/cmake)
[0.933s] -- Added test 'copyright' to check source files copyright and LICENSE
[0.933s] -- Added test 'cppcheck' to perform static code analysis on C / C++ code
[0.933s] -- Configured cppcheck include dirs: 
[0.933s] -- Configured cppcheck exclude dirs and/or files: 
[0.937s] -- Added test 'cpplint' to check C / C++ code against the Google style
[0.937s] -- Configured cpplint exclude dirs and/or files: 
[0.937s] -- Added test 'lint_cmake' to check CMake code style
[0.938s] -- Added test 'uncrustify' to check C / C++ code style
[0.938s] -- Configured uncrustify additional arguments: 
[0.938s] -- Added test 'xmllint' to check XML markup files
[0.939s] -- Configuring done
[0.967s] -- Generating done
[0.974s] -- Build files have been written to: /home/yahboom/intro_ws/build/examples_rclcpp_minimal_action_client
[0.987s] Invoked command in '/home/yahboom/intro_ws/build/examples_rclcpp_minimal_action_client' returned '0': CMAKE_PREFIX_PATH=${CMAKE_PREFIX_PATH}:/home/yahboom/intro_ws/install/turtle_test:/home/yahboom/intro_ws/install/time_tf2_py:/home/yahboom/intro_ws/install/test_tf2_py:/home/yahboom/intro_ws/install/python_parameters:/home/yahboom/intro_ws/install/launch_testing_examples:/home/yahboom/intro_ws/install/examples_rclpy_pointcloud_publisher:/home/yahboom/intro_ws/install/examples_rclpy_minimal_subscriber:/home/yahboom/intro_ws/install/examples_rclpy_minimal_service:/home/yahboom/intro_ws/install/examples_rclpy_minimal_publisher:/home/yahboom/intro_ws/install/examples_rclpy_minimal_client:/home/yahboom/intro_ws/install/examples_rclpy_minimal_action_server:/home/yahboom/intro_ws/install/examples_rclpy_minimal_action_client:/home/yahboom/intro_ws/install/examples_rclpy_guard_conditions:/home/yahboom/intro_ws/install/examples_rclpy_executors:/home/yahboom/cartoros2/install/yahboomcar_nav:/home/yahboom/cartoros2/install/yahboomcar_ctrl:/home/yahboom/cartoros2/install/yahboom_visual:/home/yahboom/cartoros2/install/yahboom_dog_joint_state:/home/yahboom/cartoros2/install/yahboom_description:/home/yahboom/cartoros2/install/yahboom_color_identify_server:/home/yahboom/cartoros2/install/yahboom_bringup:/home/yahboom/cartoros2/install/yahboom_base:/home/yahboom/cartoros2/install/yahboom_app_save_map:/home/yahboom/cartoros2/install/update_map:/home/yahboom/cartoros2/install/rosboard:/home/yahboom/cartoros2/install/path_planner_server:/home/yahboom/cartoros2/install/nav2_simple_commander:/home/yahboom/cartoros2/install/nav2_gazebo_spawner:/home/yahboom/cartoros2/install/localization_server:/home/yahboom/cartoros2/install/laserscan_to_point_pulisher:/home/yahboom/yahboomcar_ws/install/yahboom_dog_example:/opt/ros/humble /usr/bin/cmake /home/yahboom/intro_ws/src/examples/rclcpp/actions/minimal_action_client -DAMENT_CMAKE_SYMLINK_INSTALL=1 -DCMAKE_INSTALL_PREFIX=/home/yahboom/intro_ws/install/examples_rclcpp_minimal_action_client
[0.992s] Invoking command in '/home/yahboom/intro_ws/build/examples_rclcpp_minimal_action_client': CMAKE_PREFIX_PATH=${CMAKE_PREFIX_PATH}:/home/yahboom/intro_ws/install/turtle_test:/home/yahboom/intro_ws/install/time_tf2_py:/home/yahboom/intro_ws/install/test_tf2_py:/home/yahboom/intro_ws/install/python_parameters:/home/yahboom/intro_ws/install/launch_testing_examples:/home/yahboom/intro_ws/install/examples_rclpy_pointcloud_publisher:/home/yahboom/intro_ws/install/examples_rclpy_minimal_subscriber:/home/yahboom/intro_ws/install/examples_rclpy_minimal_service:/home/yahboom/intro_ws/install/examples_rclpy_minimal_publisher:/home/yahboom/intro_ws/install/examples_rclpy_minimal_client:/home/yahboom/intro_ws/install/examples_rclpy_minimal_action_server:/home/yahboom/intro_ws/install/examples_rclpy_minimal_action_client:/home/yahboom/intro_ws/install/examples_rclpy_guard_conditions:/home/yahboom/intro_ws/install/examples_rclpy_executors:/home/yahboom/cartoros2/install/yahboomcar_nav:/home/yahboom/cartoros2/install/yahboomcar_ctrl:/home/yahboom/cartoros2/install/yahboom_visual:/home/yahboom/cartoros2/install/yahboom_dog_joint_state:/home/yahboom/cartoros2/install/yahboom_description:/home/yahboom/cartoros2/install/yahboom_color_identify_server:/home/yahboom/cartoros2/install/yahboom_bringup:/home/yahboom/cartoros2/install/yahboom_base:/home/yahboom/cartoros2/install/yahboom_app_save_map:/home/yahboom/cartoros2/install/update_map:/home/yahboom/cartoros2/install/rosboard:/home/yahboom/cartoros2/install/path_planner_server:/home/yahboom/cartoros2/install/nav2_simple_commander:/home/yahboom/cartoros2/install/nav2_gazebo_spawner:/home/yahboom/cartoros2/install/localization_server:/home/yahboom/cartoros2/install/laserscan_to_point_pulisher:/home/yahboom/yahboomcar_ws/install/yahboom_dog_example:/opt/ros/humble /usr/bin/cmake --build /home/yahboom/intro_ws/build/examples_rclcpp_minimal_action_client -- -j4 -l4
[1.092s] [35m[1mConsolidate compiler generated dependencies of target action_client_member_functions[0m
[1.092s] [35m[1mConsolidate compiler generated dependencies of target action_client_not_composable[0m
[1.122s] [35m[1mConsolidate compiler generated dependencies of target action_client_not_composable_with_feedback[0m
[1.122s] [35m[1mConsolidate compiler generated dependencies of target action_client_not_composable_with_cancel[0m
[1.138s] [ 25%] Built target action_client_member_functions
[1.141s] [ 50%] Built target action_client_not_composable
[1.161s] [ 75%] Built target action_client_not_composable_with_feedback
[1.161s] [100%] Built target action_client_not_composable_with_cancel
[1.184s] Invoked command in '/home/yahboom/intro_ws/build/examples_rclcpp_minimal_action_client' returned '0': CMAKE_PREFIX_PATH=${CMAKE_PREFIX_PATH}:/home/yahboom/intro_ws/install/turtle_test:/home/yahboom/intro_ws/install/time_tf2_py:/home/yahboom/intro_ws/install/test_tf2_py:/home/yahboom/intro_ws/install/python_parameters:/home/yahboom/intro_ws/install/launch_testing_examples:/home/yahboom/intro_ws/install/examples_rclpy_pointcloud_publisher:/home/yahboom/intro_ws/install/examples_rclpy_minimal_subscriber:/home/yahboom/intro_ws/install/examples_rclpy_minimal_service:/home/yahboom/intro_ws/install/examples_rclpy_minimal_publisher:/home/yahboom/intro_ws/install/examples_rclpy_minimal_client:/home/yahboom/intro_ws/install/examples_rclpy_minimal_action_server:/home/yahboom/intro_ws/install/examples_rclpy_minimal_action_client:/home/yahboom/intro_ws/install/examples_rclpy_guard_conditions:/home/yahboom/intro_ws/install/examples_rclpy_executors:/home/yahboom/cartoros2/install/yahboomcar_nav:/home/yahboom/cartoros2/install/yahboomcar_ctrl:/home/yahboom/cartoros2/install/yahboom_visual:/home/yahboom/cartoros2/install/yahboom_dog_joint_state:/home/yahboom/cartoros2/install/yahboom_description:/home/yahboom/cartoros2/install/yahboom_color_identify_server:/home/yahboom/cartoros2/install/yahboom_bringup:/home/yahboom/cartoros2/install/yahboom_base:/home/yahboom/cartoros2/install/yahboom_app_save_map:/home/yahboom/cartoros2/install/update_map:/home/yahboom/cartoros2/install/rosboard:/home/yahboom/cartoros2/install/path_planner_server:/home/yahboom/cartoros2/install/nav2_simple_commander:/home/yahboom/cartoros2/install/nav2_gazebo_spawner:/home/yahboom/cartoros2/install/localization_server:/home/yahboom/cartoros2/install/laserscan_to_point_pulisher:/home/yahboom/yahboomcar_ws/install/yahboom_dog_example:/opt/ros/humble /usr/bin/cmake --build /home/yahboom/intro_ws/build/examples_rclcpp_minimal_action_client -- -j4 -l4
[1.322s] Invoking command in '/home/yahboom/intro_ws/build/examples_rclcpp_minimal_action_client': CMAKE_PREFIX_PATH=${CMAKE_PREFIX_PATH}:/home/yahboom/intro_ws/install/turtle_test:/home/yahboom/intro_ws/install/time_tf2_py:/home/yahboom/intro_ws/install/test_tf2_py:/home/yahboom/intro_ws/install/python_parameters:/home/yahboom/intro_ws/install/launch_testing_examples:/home/yahboom/intro_ws/install/examples_rclpy_pointcloud_publisher:/home/yahboom/intro_ws/install/examples_rclpy_minimal_subscriber:/home/yahboom/intro_ws/install/examples_rclpy_minimal_service:/home/yahboom/intro_ws/install/examples_rclpy_minimal_publisher:/home/yahboom/intro_ws/install/examples_rclpy_minimal_client:/home/yahboom/intro_ws/install/examples_rclpy_minimal_action_server:/home/yahboom/intro_ws/install/examples_rclpy_minimal_action_client:/home/yahboom/intro_ws/install/examples_rclpy_guard_conditions:/home/yahboom/intro_ws/install/examples_rclpy_executors:/home/yahboom/cartoros2/install/yahboomcar_nav:/home/yahboom/cartoros2/install/yahboomcar_ctrl:/home/yahboom/cartoros2/install/yahboom_visual:/home/yahboom/cartoros2/install/yahboom_dog_joint_state:/home/yahboom/cartoros2/install/yahboom_description:/home/yahboom/cartoros2/install/yahboom_color_identify_server:/home/yahboom/cartoros2/install/yahboom_bringup:/home/yahboom/cartoros2/install/yahboom_base:/home/yahboom/cartoros2/install/yahboom_app_save_map:/home/yahboom/cartoros2/install/update_map:/home/yahboom/cartoros2/install/rosboard:/home/yahboom/cartoros2/install/path_planner_server:/home/yahboom/cartoros2/install/nav2_simple_commander:/home/yahboom/cartoros2/install/nav2_gazebo_spawner:/home/yahboom/cartoros2/install/localization_server:/home/yahboom/cartoros2/install/laserscan_to_point_pulisher:/home/yahboom/yahboomcar_ws/install/yahboom_dog_example:/opt/ros/humble /usr/bin/cmake --install /home/yahboom/intro_ws/build/examples_rclcpp_minimal_action_client
[1.339s] -- Install configuration: ""
[1.340s] -- Execute custom install script
[1.341s] -- Up-to-date symlink: /home/yahboom/intro_ws/install/examples_rclcpp_minimal_action_client/lib/examples_rclcpp_minimal_action_client/action_client_member_functions
[1.341s] -- Up-to-date symlink: /home/yahboom/intro_ws/install/examples_rclcpp_minimal_action_client/lib/examples_rclcpp_minimal_action_client/action_client_not_composable
[1.341s] -- Up-to-date symlink: /home/yahboom/intro_ws/install/examples_rclcpp_minimal_action_client/lib/examples_rclcpp_minimal_action_client/action_client_not_composable_with_cancel
[1.341s] -- Up-to-date symlink: /home/yahboom/intro_ws/install/examples_rclcpp_minimal_action_client/lib/examples_rclcpp_minimal_action_client/action_client_not_composable_with_feedback
[1.341s] -- Up-to-date symlink: /home/yahboom/intro_ws/install/examples_rclcpp_minimal_action_client/share/ament_index/resource_index/package_run_dependencies/examples_rclcpp_minimal_action_client
[1.341s] -- Up-to-date symlink: /home/yahboom/intro_ws/install/examples_rclcpp_minimal_action_client/share/ament_index/resource_index/parent_prefix_path/examples_rclcpp_minimal_action_client
[1.342s] -- Up-to-date symlink: /home/yahboom/intro_ws/install/examples_rclcpp_minimal_action_client/share/examples_rclcpp_minimal_action_client/environment/ament_prefix_path.sh
[1.342s] -- Up-to-date symlink: /home/yahboom/intro_ws/install/examples_rclcpp_minimal_action_client/share/examples_rclcpp_minimal_action_client/environment/ament_prefix_path.dsv
[1.342s] -- Up-to-date symlink: /home/yahboom/intro_ws/install/examples_rclcpp_minimal_action_client/share/examples_rclcpp_minimal_action_client/environment/path.sh
[1.342s] -- Up-to-date symlink: /home/yahboom/intro_ws/install/examples_rclcpp_minimal_action_client/share/examples_rclcpp_minimal_action_client/environment/path.dsv
[1.342s] -- Up-to-date symlink: /home/yahboom/intro_ws/install/examples_rclcpp_minimal_action_client/share/examples_rclcpp_minimal_action_client/local_setup.bash
[1.342s] -- Up-to-date symlink: /home/yahboom/intro_ws/install/examples_rclcpp_minimal_action_client/share/examples_rclcpp_minimal_action_client/local_setup.sh
[1.342s] -- Up-to-date symlink: /home/yahboom/intro_ws/install/examples_rclcpp_minimal_action_client/share/examples_rclcpp_minimal_action_client/local_setup.zsh
[1.342s] -- Up-to-date symlink: /home/yahboom/intro_ws/install/examples_rclcpp_minimal_action_client/share/examples_rclcpp_minimal_action_client/local_setup.dsv
[1.342s] -- Symlinking: /home/yahboom/intro_ws/install/examples_rclcpp_minimal_action_client/share/examples_rclcpp_minimal_action_client/package.dsv
[1.363s] -- Up-to-date symlink: /home/yahboom/intro_ws/install/examples_rclcpp_minimal_action_client/share/ament_index/resource_index/packages/examples_rclcpp_minimal_action_client
[1.363s] -- Up-to-date symlink: /home/yahboom/intro_ws/install/examples_rclcpp_minimal_action_client/share/examples_rclcpp_minimal_action_client/cmake/examples_rclcpp_minimal_action_clientConfig.cmake
[1.367s] -- Up-to-date symlink: /home/yahboom/intro_ws/install/examples_rclcpp_minimal_action_client/share/examples_rclcpp_minimal_action_client/cmake/examples_rclcpp_minimal_action_clientConfig-version.cmake
[1.367s] -- Up-to-date symlink: /home/yahboom/intro_ws/install/examples_rclcpp_minimal_action_client/share/examples_rclcpp_minimal_action_client/package.xml
[1.367s] Invoked command in '/home/yahboom/intro_ws/build/examples_rclcpp_minimal_action_client' returned '0': CMAKE_PREFIX_PATH=${CMAKE_PREFIX_PATH}:/home/yahboom/intro_ws/install/turtle_test:/home/yahboom/intro_ws/install/time_tf2_py:/home/yahboom/intro_ws/install/test_tf2_py:/home/yahboom/intro_ws/install/python_parameters:/home/yahboom/intro_ws/install/launch_testing_examples:/home/yahboom/intro_ws/install/examples_rclpy_pointcloud_publisher:/home/yahboom/intro_ws/install/examples_rclpy_minimal_subscriber:/home/yahboom/intro_ws/install/examples_rclpy_minimal_service:/home/yahboom/intro_ws/install/examples_rclpy_minimal_publisher:/home/yahboom/intro_ws/install/examples_rclpy_minimal_client:/home/yahboom/intro_ws/install/examples_rclpy_minimal_action_server:/home/yahboom/intro_ws/install/examples_rclpy_minimal_action_client:/home/yahboom/intro_ws/install/examples_rclpy_guard_conditions:/home/yahboom/intro_ws/install/examples_rclpy_executors:/home/yahboom/cartoros2/install/yahboomcar_nav:/home/yahboom/cartoros2/install/yahboomcar_ctrl:/home/yahboom/cartoros2/install/yahboom_visual:/home/yahboom/cartoros2/install/yahboom_dog_joint_state:/home/yahboom/cartoros2/install/yahboom_description:/home/yahboom/cartoros2/install/yahboom_color_identify_server:/home/yahboom/cartoros2/install/yahboom_bringup:/home/yahboom/cartoros2/install/yahboom_base:/home/yahboom/cartoros2/install/yahboom_app_save_map:/home/yahboom/cartoros2/install/update_map:/home/yahboom/cartoros2/install/rosboard:/home/yahboom/cartoros2/install/path_planner_server:/home/yahboom/cartoros2/install/nav2_simple_commander:/home/yahboom/cartoros2/install/nav2_gazebo_spawner:/home/yahboom/cartoros2/install/localization_server:/home/yahboom/cartoros2/install/laserscan_to_point_pulisher:/home/yahboom/yahboomcar_ws/install/yahboom_dog_example:/opt/ros/humble /usr/bin/cmake --install /home/yahboom/intro_ws/build/examples_rclcpp_minimal_action_client
