[0.949s] Invoking command in '/home/yahboom/intro_ws/build/examples_rclpy_minimal_action_server': PYTHONPATH=/home/yahboom/intro_ws/build/examples_rclpy_minimal_action_server/prefix_override:/home/yahboom/intro_ws/install/examples_rclpy_minimal_action_server/lib/python3.10/site-packages:${PYTHONPATH} /usr/bin/python3 -W ignore:setup.py install is deprecated setup.py develop --editable --build-directory /home/yahboom/intro_ws/build/examples_rclpy_minimal_action_server/build --no-deps symlink_data
[1.260s] running develop
[1.263s] /usr/lib/python3/dist-packages/setuptools/command/easy_install.py:158: EasyInstallDeprecationWarning: easy_install command is deprecated. Use build and pip and other standards-based tools.
[1.263s]   warnings.warn(
[1.445s] running egg_info
[1.445s] writing examples_rclpy_minimal_action_server.egg-info/PKG-INFO
[1.447s] writing dependency_links to examples_rclpy_minimal_action_server.egg-info/dependency_links.txt
[1.448s] writing entry points to examples_rclpy_minimal_action_server.egg-info/entry_points.txt
[1.448s] writing requirements to examples_rclpy_minimal_action_server.egg-info/requires.txt
[1.449s] writing top-level names to examples_rclpy_minimal_action_server.egg-info/top_level.txt
[1.454s] reading manifest file 'examples_rclpy_minimal_action_server.egg-info/SOURCES.txt'
[1.455s] writing manifest file 'examples_rclpy_minimal_action_server.egg-info/SOURCES.txt'
[1.458s] running build_ext
[1.459s] Creating /home/yahboom/intro_ws/install/examples_rclpy_minimal_action_server/lib/python3.10/site-packages/examples-rclpy-minimal-action-server.egg-link (link to .)
[1.461s] Installing server script to /home/yahboom/intro_ws/install/examples_rclpy_minimal_action_server/lib/examples_rclpy_minimal_action_server
[1.462s] Installing server_defer script to /home/yahboom/intro_ws/install/examples_rclpy_minimal_action_server/lib/examples_rclpy_minimal_action_server
[1.462s] Installing server_not_composable script to /home/yahboom/intro_ws/install/examples_rclpy_minimal_action_server/lib/examples_rclpy_minimal_action_server
[1.462s] Installing server_queue_goals script to /home/yahboom/intro_ws/install/examples_rclpy_minimal_action_server/lib/examples_rclpy_minimal_action_server
[1.462s] Installing server_single_goal script to /home/yahboom/intro_ws/install/examples_rclpy_minimal_action_server/lib/examples_rclpy_minimal_action_server
[1.462s] 
[1.462s] Installed /home/yahboom/intro_ws/build/examples_rclpy_minimal_action_server
[1.462s] running symlink_data
[1.520s] Invoked command in '/home/yahboom/intro_ws/build/examples_rclpy_minimal_action_server' returned '0': PYTHONPATH=/home/yahboom/intro_ws/build/examples_rclpy_minimal_action_server/prefix_override:/home/yahboom/intro_ws/install/examples_rclpy_minimal_action_server/lib/python3.10/site-packages:${PYTHONPATH} /usr/bin/python3 -W ignore:setup.py install is deprecated setup.py develop --editable --build-directory /home/yahboom/intro_ws/build/examples_rclpy_minimal_action_server/build --no-deps symlink_data
