[0.794s] Invoking command in '/home/yahboom/intro_ws/build/examples_rclpy_guard_conditions': PYTHONPATH=/home/yahboom/intro_ws/build/examples_rclpy_guard_conditions/prefix_override:/home/yahboom/intro_ws/install/examples_rclpy_guard_conditions/lib/python3.10/site-packages:${PYTHONPATH} /usr/bin/python3 -W ignore:setup.py install is deprecated setup.py develop --uninstall --editable --build-directory /home/yahboom/intro_ws/build/examples_rclpy_guard_conditions/build
[1.075s] running develop
[1.076s] /usr/lib/python3/dist-packages/setuptools/command/easy_install.py:158: EasyInstallDeprecationWarning: easy_install command is deprecated. Use build and pip and other standards-based tools.
[1.076s]   warnings.warn(
[1.244s] Removing /home/yahboom/intro_ws/install/examples_rclpy_guard_conditions/lib/python3.10/site-packages/examples-rclpy-guard-conditions.egg-link (link to .)
[1.293s] Invoked command in '/home/yahboom/intro_ws/build/examples_rclpy_guard_conditions' returned '0': PYTHONPATH=/home/yahboom/intro_ws/build/examples_rclpy_guard_conditions/prefix_override:/home/yahboom/intro_ws/install/examples_rclpy_guard_conditions/lib/python3.10/site-packages:${PYTHONPATH} /usr/bin/python3 -W ignore:setup.py install is deprecated setup.py develop --uninstall --editable --build-directory /home/yahboom/intro_ws/build/examples_rclpy_guard_conditions/build
[1.296s] Invoking command in '/home/yahboom/intro_ws/src/examples/rclpy/guard_conditions': PYTHONPATH=/home/yahboom/intro_ws/build/examples_rclpy_guard_conditions/prefix_override:/home/yahboom/intro_ws/install/examples_rclpy_guard_conditions/lib/python3.10/site-packages:${PYTHONPATH} /usr/bin/python3 -W ignore:setup.py install is deprecated setup.py egg_info --egg-base ../../../../build/examples_rclpy_guard_conditions build --build-base /home/yahboom/intro_ws/build/examples_rclpy_guard_conditions/build install --record /home/yahboom/intro_ws/build/examples_rclpy_guard_conditions/install.log --single-version-externally-managed install_data --force
[1.573s] running egg_info
[1.573s] writing ../../../../build/examples_rclpy_guard_conditions/examples_rclpy_guard_conditions.egg-info/PKG-INFO
[1.574s] writing dependency_links to ../../../../build/examples_rclpy_guard_conditions/examples_rclpy_guard_conditions.egg-info/dependency_links.txt
[1.575s] writing entry points to ../../../../build/examples_rclpy_guard_conditions/examples_rclpy_guard_conditions.egg-info/entry_points.txt
[1.575s] writing requirements to ../../../../build/examples_rclpy_guard_conditions/examples_rclpy_guard_conditions.egg-info/requires.txt
[1.575s] writing top-level names to ../../../../build/examples_rclpy_guard_conditions/examples_rclpy_guard_conditions.egg-info/top_level.txt
[1.578s] reading manifest file '../../../../build/examples_rclpy_guard_conditions/examples_rclpy_guard_conditions.egg-info/SOURCES.txt'
[1.578s] writing manifest file '../../../../build/examples_rclpy_guard_conditions/examples_rclpy_guard_conditions.egg-info/SOURCES.txt'
[1.579s] running build
[1.579s] running build_py
[1.579s] creating /home/yahboom/intro_ws/build/examples_rclpy_guard_conditions/build
[1.579s] creating /home/yahboom/intro_ws/build/examples_rclpy_guard_conditions/build/lib
[1.580s] creating /home/yahboom/intro_ws/build/examples_rclpy_guard_conditions/build/lib/examples_rclpy_guard_conditions
[1.580s] copying examples_rclpy_guard_conditions/__init__.py -> /home/yahboom/intro_ws/build/examples_rclpy_guard_conditions/build/lib/examples_rclpy_guard_conditions
[1.580s] copying examples_rclpy_guard_conditions/trigger_guard_condition.py -> /home/yahboom/intro_ws/build/examples_rclpy_guard_conditions/build/lib/examples_rclpy_guard_conditions
[1.581s] running install
[1.581s] running install_lib
[1.583s] creating /home/yahboom/intro_ws/install/examples_rclpy_guard_conditions/lib/python3.10/site-packages/examples_rclpy_guard_conditions
[1.583s] copying /home/yahboom/intro_ws/build/examples_rclpy_guard_conditions/build/lib/examples_rclpy_guard_conditions/__init__.py -> /home/yahboom/intro_ws/install/examples_rclpy_guard_conditions/lib/python3.10/site-packages/examples_rclpy_guard_conditions
[1.583s] copying /home/yahboom/intro_ws/build/examples_rclpy_guard_conditions/build/lib/examples_rclpy_guard_conditions/trigger_guard_condition.py -> /home/yahboom/intro_ws/install/examples_rclpy_guard_conditions/lib/python3.10/site-packages/examples_rclpy_guard_conditions
[1.584s] byte-compiling /home/yahboom/intro_ws/install/examples_rclpy_guard_conditions/lib/python3.10/site-packages/examples_rclpy_guard_conditions/__init__.py to __init__.cpython-310.pyc
[1.584s] byte-compiling /home/yahboom/intro_ws/install/examples_rclpy_guard_conditions/lib/python3.10/site-packages/examples_rclpy_guard_conditions/trigger_guard_condition.py to trigger_guard_condition.cpython-310.pyc
[1.585s] running install_data
[1.585s] copying resource/examples_rclpy_guard_conditions -> /home/yahboom/intro_ws/install/examples_rclpy_guard_conditions/share/ament_index/resource_index/packages
[1.585s] copying package.xml -> /home/yahboom/intro_ws/install/examples_rclpy_guard_conditions/share/examples_rclpy_guard_conditions
[1.585s] running install_egg_info
[1.588s] Copying ../../../../build/examples_rclpy_guard_conditions/examples_rclpy_guard_conditions.egg-info to /home/yahboom/intro_ws/install/examples_rclpy_guard_conditions/lib/python3.10/site-packages/examples_rclpy_guard_conditions-0.15.5-py3.10.egg-info
[1.589s] running install_scripts
[1.611s] Installing trigger_guard_condition script to /home/yahboom/intro_ws/install/examples_rclpy_guard_conditions/lib/examples_rclpy_guard_conditions
[1.612s] writing list of installed files to '/home/yahboom/intro_ws/build/examples_rclpy_guard_conditions/install.log'
[1.948s] Invoked command in '/home/yahboom/intro_ws/src/examples/rclpy/guard_conditions' returned '0': PYTHONPATH=/home/yahboom/intro_ws/build/examples_rclpy_guard_conditions/prefix_override:/home/yahboom/intro_ws/install/examples_rclpy_guard_conditions/lib/python3.10/site-packages:${PYTHONPATH} /usr/bin/python3 -W ignore:setup.py install is deprecated setup.py egg_info --egg-base ../../../../build/examples_rclpy_guard_conditions build --build-base /home/yahboom/intro_ws/build/examples_rclpy_guard_conditions/build install --record /home/yahboom/intro_ws/build/examples_rclpy_guard_conditions/install.log --single-version-externally-managed install_data --force
