[0.664s] Invoking command in '/home/yahboom/intro_ws/build/examples_rclpy_minimal_service': PYTHONPATH=/home/yahboom/intro_ws/build/examples_rclpy_minimal_service/prefix_override:/home/yahboom/intro_ws/install/examples_rclpy_minimal_service/lib/python3.10/site-packages:${PYTHONPATH} /usr/bin/python3 -W ignore:setup.py install is deprecated setup.py develop --uninstall --editable --build-directory /home/yahboom/intro_ws/build/examples_rclpy_minimal_service/build
[0.946s] running develop
[0.949s] /usr/lib/python3/dist-packages/setuptools/command/easy_install.py:158: EasyInstallDeprecationWarning: easy_install command is deprecated. Use build and pip and other standards-based tools.
[0.949s]   warnings.warn(
[1.118s] Removing /home/yahboom/intro_ws/install/examples_rclpy_minimal_service/lib/python3.10/site-packages/examples-rclpy-minimal-service.egg-link (link to .)
[1.185s] Invoked command in '/home/yahboom/intro_ws/build/examples_rclpy_minimal_service' returned '0': PYTHONPATH=/home/yahboom/intro_ws/build/examples_rclpy_minimal_service/prefix_override:/home/yahboom/intro_ws/install/examples_rclpy_minimal_service/lib/python3.10/site-packages:${PYTHONPATH} /usr/bin/python3 -W ignore:setup.py install is deprecated setup.py develop --uninstall --editable --build-directory /home/yahboom/intro_ws/build/examples_rclpy_minimal_service/build
[1.185s] Invoking command in '/home/yahboom/intro_ws/src/examples/rclpy/services/minimal_service': PYTHONPATH=/home/yahboom/intro_ws/build/examples_rclpy_minimal_service/prefix_override:/home/yahboom/intro_ws/install/examples_rclpy_minimal_service/lib/python3.10/site-packages:${PYTHONPATH} /usr/bin/python3 -W ignore:setup.py install is deprecated setup.py egg_info --egg-base ../../../../../build/examples_rclpy_minimal_service build --build-base /home/yahboom/intro_ws/build/examples_rclpy_minimal_service/build install --record /home/yahboom/intro_ws/build/examples_rclpy_minimal_service/install.log --single-version-externally-managed install_data --force
[1.433s] running egg_info
[1.434s] writing ../../../../../build/examples_rclpy_minimal_service/examples_rclpy_minimal_service.egg-info/PKG-INFO
[1.434s] writing dependency_links to ../../../../../build/examples_rclpy_minimal_service/examples_rclpy_minimal_service.egg-info/dependency_links.txt
[1.435s] writing entry points to ../../../../../build/examples_rclpy_minimal_service/examples_rclpy_minimal_service.egg-info/entry_points.txt
[1.435s] writing requirements to ../../../../../build/examples_rclpy_minimal_service/examples_rclpy_minimal_service.egg-info/requires.txt
[1.436s] writing top-level names to ../../../../../build/examples_rclpy_minimal_service/examples_rclpy_minimal_service.egg-info/top_level.txt
[1.438s] reading manifest file '../../../../../build/examples_rclpy_minimal_service/examples_rclpy_minimal_service.egg-info/SOURCES.txt'
[1.439s] writing manifest file '../../../../../build/examples_rclpy_minimal_service/examples_rclpy_minimal_service.egg-info/SOURCES.txt'
[1.439s] running build
[1.439s] running build_py
[1.440s] creating /home/yahboom/intro_ws/build/examples_rclpy_minimal_service/build
[1.440s] creating /home/yahboom/intro_ws/build/examples_rclpy_minimal_service/build/lib
[1.440s] creating /home/yahboom/intro_ws/build/examples_rclpy_minimal_service/build/lib/examples_rclpy_minimal_service
[1.440s] copying examples_rclpy_minimal_service/service_member_function.py -> /home/yahboom/intro_ws/build/examples_rclpy_minimal_service/build/lib/examples_rclpy_minimal_service
[1.440s] copying examples_rclpy_minimal_service/__init__.py -> /home/yahboom/intro_ws/build/examples_rclpy_minimal_service/build/lib/examples_rclpy_minimal_service
[1.440s] copying examples_rclpy_minimal_service/service.py -> /home/yahboom/intro_ws/build/examples_rclpy_minimal_service/build/lib/examples_rclpy_minimal_service
[1.441s] running install
[1.441s] running install_lib
[1.442s] creating /home/yahboom/intro_ws/install/examples_rclpy_minimal_service/lib/python3.10/site-packages/examples_rclpy_minimal_service
[1.442s] copying /home/yahboom/intro_ws/build/examples_rclpy_minimal_service/build/lib/examples_rclpy_minimal_service/service_member_function.py -> /home/yahboom/intro_ws/install/examples_rclpy_minimal_service/lib/python3.10/site-packages/examples_rclpy_minimal_service
[1.442s] copying /home/yahboom/intro_ws/build/examples_rclpy_minimal_service/build/lib/examples_rclpy_minimal_service/__init__.py -> /home/yahboom/intro_ws/install/examples_rclpy_minimal_service/lib/python3.10/site-packages/examples_rclpy_minimal_service
[1.442s] copying /home/yahboom/intro_ws/build/examples_rclpy_minimal_service/build/lib/examples_rclpy_minimal_service/service.py -> /home/yahboom/intro_ws/install/examples_rclpy_minimal_service/lib/python3.10/site-packages/examples_rclpy_minimal_service
[1.443s] byte-compiling /home/yahboom/intro_ws/install/examples_rclpy_minimal_service/lib/python3.10/site-packages/examples_rclpy_minimal_service/service_member_function.py to service_member_function.cpython-310.pyc
[1.443s] byte-compiling /home/yahboom/intro_ws/install/examples_rclpy_minimal_service/lib/python3.10/site-packages/examples_rclpy_minimal_service/__init__.py to __init__.cpython-310.pyc
[1.444s] byte-compiling /home/yahboom/intro_ws/install/examples_rclpy_minimal_service/lib/python3.10/site-packages/examples_rclpy_minimal_service/service.py to service.cpython-310.pyc
[1.444s] running install_data
[1.444s] copying resource/examples_rclpy_minimal_service -> /home/yahboom/intro_ws/install/examples_rclpy_minimal_service/share/ament_index/resource_index/packages
[1.444s] copying package.xml -> /home/yahboom/intro_ws/install/examples_rclpy_minimal_service/share/examples_rclpy_minimal_service
[1.444s] running install_egg_info
[1.446s] Copying ../../../../../build/examples_rclpy_minimal_service/examples_rclpy_minimal_service.egg-info to /home/yahboom/intro_ws/install/examples_rclpy_minimal_service/lib/python3.10/site-packages/examples_rclpy_minimal_service-0.15.5-py3.10.egg-info
[1.448s] running install_scripts
[1.470s] Installing service script to /home/yahboom/intro_ws/install/examples_rclpy_minimal_service/lib/examples_rclpy_minimal_service
[1.471s] Installing service_member_function script to /home/yahboom/intro_ws/install/examples_rclpy_minimal_service/lib/examples_rclpy_minimal_service
[1.472s] writing list of installed files to '/home/yahboom/intro_ws/build/examples_rclpy_minimal_service/install.log'
[1.789s] Invoked command in '/home/yahboom/intro_ws/src/examples/rclpy/services/minimal_service' returned '0': PYTHONPATH=/home/yahboom/intro_ws/build/examples_rclpy_minimal_service/prefix_override:/home/yahboom/intro_ws/install/examples_rclpy_minimal_service/lib/python3.10/site-packages:${PYTHONPATH} /usr/bin/python3 -W ignore:setup.py install is deprecated setup.py egg_info --egg-base ../../../../../build/examples_rclpy_minimal_service build --build-base /home/yahboom/intro_ws/build/examples_rclpy_minimal_service/build install --record /home/yahboom/intro_ws/build/examples_rclpy_minimal_service/install.log --single-version-externally-managed install_data --force
