[1.277s] Invoking command in '/home/yahboom/intro_ws/build/examples_rclpy_minimal_action_server': PYTHONPATH=/home/yahboom/intro_ws/build/examples_rclpy_minimal_action_server/prefix_override:/home/yahboom/intro_ws/install/examples_rclpy_minimal_action_server/lib/python3.10/site-packages:${PYTHONPATH} /usr/bin/python3 -W ignore:setup.py install is deprecated setup.py develop --uninstall --editable --build-directory /home/yahboom/intro_ws/build/examples_rclpy_minimal_action_server/build
[1.554s] running develop
[1.555s] /usr/lib/python3/dist-packages/setuptools/command/easy_install.py:158: EasyInstallDeprecationWarning: easy_install command is deprecated. Use build and pip and other standards-based tools.
[1.555s]   warnings.warn(
[1.719s] Removing /home/yahboom/intro_ws/install/examples_rclpy_minimal_action_server/lib/python3.10/site-packages/examples-rclpy-minimal-action-server.egg-link (link to .)
[1.770s] Invoked command in '/home/yahboom/intro_ws/build/examples_rclpy_minimal_action_server' returned '0': PYTHONPATH=/home/yahboom/intro_ws/build/examples_rclpy_minimal_action_server/prefix_override:/home/yahboom/intro_ws/install/examples_rclpy_minimal_action_server/lib/python3.10/site-packages:${PYTHONPATH} /usr/bin/python3 -W ignore:setup.py install is deprecated setup.py develop --uninstall --editable --build-directory /home/yahboom/intro_ws/build/examples_rclpy_minimal_action_server/build
[1.770s] Invoking command in '/home/yahboom/intro_ws/src/examples/rclpy/actions/minimal_action_server': PYTHONPATH=/home/yahboom/intro_ws/build/examples_rclpy_minimal_action_server/prefix_override:/home/yahboom/intro_ws/install/examples_rclpy_minimal_action_server/lib/python3.10/site-packages:${PYTHONPATH} /usr/bin/python3 -W ignore:setup.py install is deprecated setup.py egg_info --egg-base ../../../../../build/examples_rclpy_minimal_action_server build --build-base /home/yahboom/intro_ws/build/examples_rclpy_minimal_action_server/build install --record /home/yahboom/intro_ws/build/examples_rclpy_minimal_action_server/install.log --single-version-externally-managed install_data --force
[2.021s] running egg_info
[2.021s] writing ../../../../../build/examples_rclpy_minimal_action_server/examples_rclpy_minimal_action_server.egg-info/PKG-INFO
[2.025s] writing dependency_links to ../../../../../build/examples_rclpy_minimal_action_server/examples_rclpy_minimal_action_server.egg-info/dependency_links.txt
[2.026s] writing entry points to ../../../../../build/examples_rclpy_minimal_action_server/examples_rclpy_minimal_action_server.egg-info/entry_points.txt
[2.026s] writing requirements to ../../../../../build/examples_rclpy_minimal_action_server/examples_rclpy_minimal_action_server.egg-info/requires.txt
[2.026s] writing top-level names to ../../../../../build/examples_rclpy_minimal_action_server/examples_rclpy_minimal_action_server.egg-info/top_level.txt
[2.031s] reading manifest file '../../../../../build/examples_rclpy_minimal_action_server/examples_rclpy_minimal_action_server.egg-info/SOURCES.txt'
[2.031s] writing manifest file '../../../../../build/examples_rclpy_minimal_action_server/examples_rclpy_minimal_action_server.egg-info/SOURCES.txt'
[2.032s] running build
[2.032s] running build_py
[2.033s] creating /home/yahboom/intro_ws/build/examples_rclpy_minimal_action_server/build
[2.033s] creating /home/yahboom/intro_ws/build/examples_rclpy_minimal_action_server/build/lib
[2.034s] creating /home/yahboom/intro_ws/build/examples_rclpy_minimal_action_server/build/lib/examples_rclpy_minimal_action_server
[2.035s] copying examples_rclpy_minimal_action_server/server_not_composable.py -> /home/yahboom/intro_ws/build/examples_rclpy_minimal_action_server/build/lib/examples_rclpy_minimal_action_server
[2.035s] copying examples_rclpy_minimal_action_server/server_queue_goals.py -> /home/yahboom/intro_ws/build/examples_rclpy_minimal_action_server/build/lib/examples_rclpy_minimal_action_server
[2.036s] copying examples_rclpy_minimal_action_server/server_single_goal.py -> /home/yahboom/intro_ws/build/examples_rclpy_minimal_action_server/build/lib/examples_rclpy_minimal_action_server
[2.036s] copying examples_rclpy_minimal_action_server/__init__.py -> /home/yahboom/intro_ws/build/examples_rclpy_minimal_action_server/build/lib/examples_rclpy_minimal_action_server
[2.037s] copying examples_rclpy_minimal_action_server/server.py -> /home/yahboom/intro_ws/build/examples_rclpy_minimal_action_server/build/lib/examples_rclpy_minimal_action_server
[2.037s] copying examples_rclpy_minimal_action_server/server_defer.py -> /home/yahboom/intro_ws/build/examples_rclpy_minimal_action_server/build/lib/examples_rclpy_minimal_action_server
[2.040s] running install
[2.040s] running install_lib
[2.040s] creating /home/yahboom/intro_ws/install/examples_rclpy_minimal_action_server/lib/python3.10/site-packages/examples_rclpy_minimal_action_server
[2.040s] copying /home/yahboom/intro_ws/build/examples_rclpy_minimal_action_server/build/lib/examples_rclpy_minimal_action_server/server_not_composable.py -> /home/yahboom/intro_ws/install/examples_rclpy_minimal_action_server/lib/python3.10/site-packages/examples_rclpy_minimal_action_server
[2.040s] copying /home/yahboom/intro_ws/build/examples_rclpy_minimal_action_server/build/lib/examples_rclpy_minimal_action_server/server_queue_goals.py -> /home/yahboom/intro_ws/install/examples_rclpy_minimal_action_server/lib/python3.10/site-packages/examples_rclpy_minimal_action_server
[2.040s] copying /home/yahboom/intro_ws/build/examples_rclpy_minimal_action_server/build/lib/examples_rclpy_minimal_action_server/server_single_goal.py -> /home/yahboom/intro_ws/install/examples_rclpy_minimal_action_server/lib/python3.10/site-packages/examples_rclpy_minimal_action_server
[2.040s] copying /home/yahboom/intro_ws/build/examples_rclpy_minimal_action_server/build/lib/examples_rclpy_minimal_action_server/__init__.py -> /home/yahboom/intro_ws/install/examples_rclpy_minimal_action_server/lib/python3.10/site-packages/examples_rclpy_minimal_action_server
[2.040s] copying /home/yahboom/intro_ws/build/examples_rclpy_minimal_action_server/build/lib/examples_rclpy_minimal_action_server/server.py -> /home/yahboom/intro_ws/install/examples_rclpy_minimal_action_server/lib/python3.10/site-packages/examples_rclpy_minimal_action_server
[2.040s] copying /home/yahboom/intro_ws/build/examples_rclpy_minimal_action_server/build/lib/examples_rclpy_minimal_action_server/server_defer.py -> /home/yahboom/intro_ws/install/examples_rclpy_minimal_action_server/lib/python3.10/site-packages/examples_rclpy_minimal_action_server
[2.042s] byte-compiling /home/yahboom/intro_ws/install/examples_rclpy_minimal_action_server/lib/python3.10/site-packages/examples_rclpy_minimal_action_server/server_not_composable.py to server_not_composable.cpython-310.pyc
[2.046s] byte-compiling /home/yahboom/intro_ws/install/examples_rclpy_minimal_action_server/lib/python3.10/site-packages/examples_rclpy_minimal_action_server/server_queue_goals.py to server_queue_goals.cpython-310.pyc
[2.046s] byte-compiling /home/yahboom/intro_ws/install/examples_rclpy_minimal_action_server/lib/python3.10/site-packages/examples_rclpy_minimal_action_server/server_single_goal.py to server_single_goal.cpython-310.pyc
[2.046s] byte-compiling /home/yahboom/intro_ws/install/examples_rclpy_minimal_action_server/lib/python3.10/site-packages/examples_rclpy_minimal_action_server/__init__.py to __init__.cpython-310.pyc
[2.046s] byte-compiling /home/yahboom/intro_ws/install/examples_rclpy_minimal_action_server/lib/python3.10/site-packages/examples_rclpy_minimal_action_server/server.py to server.cpython-310.pyc
[2.046s] byte-compiling /home/yahboom/intro_ws/install/examples_rclpy_minimal_action_server/lib/python3.10/site-packages/examples_rclpy_minimal_action_server/server_defer.py to server_defer.cpython-310.pyc
[2.046s] running install_data
[2.046s] copying resource/examples_rclpy_minimal_action_server -> /home/yahboom/intro_ws/install/examples_rclpy_minimal_action_server/share/ament_index/resource_index/packages
[2.046s] copying package.xml -> /home/yahboom/intro_ws/install/examples_rclpy_minimal_action_server/share/examples_rclpy_minimal_action_server
[2.046s] running install_egg_info
[2.048s] Copying ../../../../../build/examples_rclpy_minimal_action_server/examples_rclpy_minimal_action_server.egg-info to /home/yahboom/intro_ws/install/examples_rclpy_minimal_action_server/lib/python3.10/site-packages/examples_rclpy_minimal_action_server-0.15.5-py3.10.egg-info
[2.049s] running install_scripts
[2.077s] Installing server script to /home/yahboom/intro_ws/install/examples_rclpy_minimal_action_server/lib/examples_rclpy_minimal_action_server
[2.078s] Installing server_defer script to /home/yahboom/intro_ws/install/examples_rclpy_minimal_action_server/lib/examples_rclpy_minimal_action_server
[2.079s] Installing server_not_composable script to /home/yahboom/intro_ws/install/examples_rclpy_minimal_action_server/lib/examples_rclpy_minimal_action_server
[2.079s] Installing server_queue_goals script to /home/yahboom/intro_ws/install/examples_rclpy_minimal_action_server/lib/examples_rclpy_minimal_action_server
[2.080s] Installing server_single_goal script to /home/yahboom/intro_ws/install/examples_rclpy_minimal_action_server/lib/examples_rclpy_minimal_action_server
[2.081s] writing list of installed files to '/home/yahboom/intro_ws/build/examples_rclpy_minimal_action_server/install.log'
[2.137s] Invoked command in '/home/yahboom/intro_ws/src/examples/rclpy/actions/minimal_action_server' returned '0': PYTHONPATH=/home/yahboom/intro_ws/build/examples_rclpy_minimal_action_server/prefix_override:/home/yahboom/intro_ws/install/examples_rclpy_minimal_action_server/lib/python3.10/site-packages:${PYTHONPATH} /usr/bin/python3 -W ignore:setup.py install is deprecated setup.py egg_info --egg-base ../../../../../build/examples_rclpy_minimal_action_server build --build-base /home/yahboom/intro_ws/build/examples_rclpy_minimal_action_server/build install --record /home/yahboom/intro_ws/build/examples_rclpy_minimal_action_server/install.log --single-version-externally-managed install_data --force
