[0.705s] Invoking command in '/home/yahboom/intro_ws/build/examples_rclpy_pointcloud_publisher': PYTHONPATH=/home/yahboom/intro_ws/build/examples_rclpy_pointcloud_publisher/prefix_override:/home/yahboom/intro_ws/install/examples_rclpy_pointcloud_publisher/lib/python3.10/site-packages:${PYTHONPATH} /usr/bin/python3 -W ignore:setup.py install is deprecated setup.py develop --editable --build-directory /home/yahboom/intro_ws/build/examples_rclpy_pointcloud_publisher/build --no-deps symlink_data
[1.007s] running develop
[1.008s] /usr/lib/python3/dist-packages/setuptools/command/easy_install.py:158: EasyInstallDeprecationWarning: easy_install command is deprecated. Use build and pip and other standards-based tools.
[1.008s]   warnings.warn(
[1.171s] running egg_info
[1.171s] creating examples_rclpy_pointcloud_publisher.egg-info
[1.171s] writing examples_rclpy_pointcloud_publisher.egg-info/PKG-INFO
[1.172s] writing dependency_links to examples_rclpy_pointcloud_publisher.egg-info/dependency_links.txt
[1.172s] writing entry points to examples_rclpy_pointcloud_publisher.egg-info/entry_points.txt
[1.173s] writing requirements to examples_rclpy_pointcloud_publisher.egg-info/requires.txt
[1.173s] writing top-level names to examples_rclpy_pointcloud_publisher.egg-info/top_level.txt
[1.175s] writing manifest file 'examples_rclpy_pointcloud_publisher.egg-info/SOURCES.txt'
[1.177s] reading manifest file 'examples_rclpy_pointcloud_publisher.egg-info/SOURCES.txt'
[1.178s] writing manifest file 'examples_rclpy_pointcloud_publisher.egg-info/SOURCES.txt'
[1.180s] running build_ext
[1.182s] Creating /home/yahboom/intro_ws/install/examples_rclpy_pointcloud_publisher/lib/python3.10/site-packages/examples-rclpy-pointcloud-publisher.egg-link (link to .)
[1.182s] Installing pointcloud_publisher script to /home/yahboom/intro_ws/install/examples_rclpy_pointcloud_publisher/lib/examples_rclpy_pointcloud_publisher
[1.182s] 
[1.182s] Installed /home/yahboom/intro_ws/build/examples_rclpy_pointcloud_publisher
[1.183s] running symlink_data
[1.183s] creating /home/yahboom/intro_ws/install/examples_rclpy_pointcloud_publisher/share/ament_index
[1.183s] creating /home/yahboom/intro_ws/install/examples_rclpy_pointcloud_publisher/share/ament_index/resource_index
[1.183s] creating /home/yahboom/intro_ws/install/examples_rclpy_pointcloud_publisher/share/ament_index/resource_index/packages
[1.183s] symbolically linking /home/yahboom/intro_ws/build/examples_rclpy_pointcloud_publisher/resource/examples_rclpy_pointcloud_publisher -> /home/yahboom/intro_ws/install/examples_rclpy_pointcloud_publisher/share/ament_index/resource_index/packages
[1.186s] symbolically linking /home/yahboom/intro_ws/build/examples_rclpy_pointcloud_publisher/package.xml -> /home/yahboom/intro_ws/install/examples_rclpy_pointcloud_publisher/share/examples_rclpy_pointcloud_publisher
[1.230s] Invoked command in '/home/yahboom/intro_ws/build/examples_rclpy_pointcloud_publisher' returned '0': PYTHONPATH=/home/yahboom/intro_ws/build/examples_rclpy_pointcloud_publisher/prefix_override:/home/yahboom/intro_ws/install/examples_rclpy_pointcloud_publisher/lib/python3.10/site-packages:${PYTHONPATH} /usr/bin/python3 -W ignore:setup.py install is deprecated setup.py develop --editable --build-directory /home/yahboom/intro_ws/build/examples_rclpy_pointcloud_publisher/build --no-deps symlink_data
