[1.249s] Invoking command in '/home/yahboom/intro_ws/build/examples_rclpy_minimal_client': PYTHONPATH=/home/yahboom/intro_ws/build/examples_rclpy_minimal_client/prefix_override:/home/yahboom/intro_ws/install/examples_rclpy_minimal_client/lib/python3.10/site-packages:${PYTHONPATH} /usr/bin/python3 -W ignore:setup.py install is deprecated setup.py develop --uninstall --editable --build-directory /home/yahboom/intro_ws/build/examples_rclpy_minimal_client/build
[1.522s] running develop
[1.522s] /usr/lib/python3/dist-packages/setuptools/command/easy_install.py:158: EasyInstallDeprecationWarning: easy_install command is deprecated. Use build and pip and other standards-based tools.
[1.522s]   warnings.warn(
[1.681s] Removing /home/yahboom/intro_ws/install/examples_rclpy_minimal_client/lib/python3.10/site-packages/examples-rclpy-minimal-client.egg-link (link to .)
[1.729s] Invoked command in '/home/yahboom/intro_ws/build/examples_rclpy_minimal_client' returned '0': PYTHONPATH=/home/yahboom/intro_ws/build/examples_rclpy_minimal_client/prefix_override:/home/yahboom/intro_ws/install/examples_rclpy_minimal_client/lib/python3.10/site-packages:${PYTHONPATH} /usr/bin/python3 -W ignore:setup.py install is deprecated setup.py develop --uninstall --editable --build-directory /home/yahboom/intro_ws/build/examples_rclpy_minimal_client/build
[1.729s] Invoking command in '/home/yahboom/intro_ws/src/examples/rclpy/services/minimal_client': PYTHONPATH=/home/yahboom/intro_ws/build/examples_rclpy_minimal_client/prefix_override:/home/yahboom/intro_ws/install/examples_rclpy_minimal_client/lib/python3.10/site-packages:${PYTHONPATH} /usr/bin/python3 -W ignore:setup.py install is deprecated setup.py egg_info --egg-base ../../../../../build/examples_rclpy_minimal_client build --build-base /home/yahboom/intro_ws/build/examples_rclpy_minimal_client/build install --record /home/yahboom/intro_ws/build/examples_rclpy_minimal_client/install.log --single-version-externally-managed install_data --force
[1.994s] running egg_info
[1.995s] writing ../../../../../build/examples_rclpy_minimal_client/examples_rclpy_minimal_client.egg-info/PKG-INFO
[1.996s] writing dependency_links to ../../../../../build/examples_rclpy_minimal_client/examples_rclpy_minimal_client.egg-info/dependency_links.txt
[1.997s] writing entry points to ../../../../../build/examples_rclpy_minimal_client/examples_rclpy_minimal_client.egg-info/entry_points.txt
[1.998s] writing requirements to ../../../../../build/examples_rclpy_minimal_client/examples_rclpy_minimal_client.egg-info/requires.txt
[1.998s] writing top-level names to ../../../../../build/examples_rclpy_minimal_client/examples_rclpy_minimal_client.egg-info/top_level.txt
[2.003s] reading manifest file '../../../../../build/examples_rclpy_minimal_client/examples_rclpy_minimal_client.egg-info/SOURCES.txt'
[2.003s] writing manifest file '../../../../../build/examples_rclpy_minimal_client/examples_rclpy_minimal_client.egg-info/SOURCES.txt'
[2.003s] running build
[2.003s] running build_py
[2.004s] creating /home/yahboom/intro_ws/build/examples_rclpy_minimal_client/build
[2.004s] creating /home/yahboom/intro_ws/build/examples_rclpy_minimal_client/build/lib
[2.004s] creating /home/yahboom/intro_ws/build/examples_rclpy_minimal_client/build/lib/examples_rclpy_minimal_client
[2.004s] copying examples_rclpy_minimal_client/client_async_member_function.py -> /home/yahboom/intro_ws/build/examples_rclpy_minimal_client/build/lib/examples_rclpy_minimal_client
[2.004s] copying examples_rclpy_minimal_client/client.py -> /home/yahboom/intro_ws/build/examples_rclpy_minimal_client/build/lib/examples_rclpy_minimal_client
[2.006s] copying examples_rclpy_minimal_client/__init__.py -> /home/yahboom/intro_ws/build/examples_rclpy_minimal_client/build/lib/examples_rclpy_minimal_client
[2.006s] copying examples_rclpy_minimal_client/client_async.py -> /home/yahboom/intro_ws/build/examples_rclpy_minimal_client/build/lib/examples_rclpy_minimal_client
[2.007s] copying examples_rclpy_minimal_client/client_async_callback.py -> /home/yahboom/intro_ws/build/examples_rclpy_minimal_client/build/lib/examples_rclpy_minimal_client
[2.008s] running install
[2.008s] running install_lib
[2.011s] creating /home/yahboom/intro_ws/install/examples_rclpy_minimal_client/lib/python3.10/site-packages/examples_rclpy_minimal_client
[2.011s] copying /home/yahboom/intro_ws/build/examples_rclpy_minimal_client/build/lib/examples_rclpy_minimal_client/client_async_member_function.py -> /home/yahboom/intro_ws/install/examples_rclpy_minimal_client/lib/python3.10/site-packages/examples_rclpy_minimal_client
[2.011s] copying /home/yahboom/intro_ws/build/examples_rclpy_minimal_client/build/lib/examples_rclpy_minimal_client/client.py -> /home/yahboom/intro_ws/install/examples_rclpy_minimal_client/lib/python3.10/site-packages/examples_rclpy_minimal_client
[2.011s] copying /home/yahboom/intro_ws/build/examples_rclpy_minimal_client/build/lib/examples_rclpy_minimal_client/__init__.py -> /home/yahboom/intro_ws/install/examples_rclpy_minimal_client/lib/python3.10/site-packages/examples_rclpy_minimal_client
[2.011s] copying /home/yahboom/intro_ws/build/examples_rclpy_minimal_client/build/lib/examples_rclpy_minimal_client/client_async.py -> /home/yahboom/intro_ws/install/examples_rclpy_minimal_client/lib/python3.10/site-packages/examples_rclpy_minimal_client
[2.011s] copying /home/yahboom/intro_ws/build/examples_rclpy_minimal_client/build/lib/examples_rclpy_minimal_client/client_async_callback.py -> /home/yahboom/intro_ws/install/examples_rclpy_minimal_client/lib/python3.10/site-packages/examples_rclpy_minimal_client
[2.011s] byte-compiling /home/yahboom/intro_ws/install/examples_rclpy_minimal_client/lib/python3.10/site-packages/examples_rclpy_minimal_client/client_async_member_function.py to client_async_member_function.cpython-310.pyc
[2.011s] byte-compiling /home/yahboom/intro_ws/install/examples_rclpy_minimal_client/lib/python3.10/site-packages/examples_rclpy_minimal_client/client.py to client.cpython-310.pyc
[2.011s] byte-compiling /home/yahboom/intro_ws/install/examples_rclpy_minimal_client/lib/python3.10/site-packages/examples_rclpy_minimal_client/__init__.py to __init__.cpython-310.pyc
[2.012s] byte-compiling /home/yahboom/intro_ws/install/examples_rclpy_minimal_client/lib/python3.10/site-packages/examples_rclpy_minimal_client/client_async.py to client_async.cpython-310.pyc
[2.012s] byte-compiling /home/yahboom/intro_ws/install/examples_rclpy_minimal_client/lib/python3.10/site-packages/examples_rclpy_minimal_client/client_async_callback.py to client_async_callback.cpython-310.pyc
[2.012s] running install_data
[2.012s] copying resource/examples_rclpy_minimal_client -> /home/yahboom/intro_ws/install/examples_rclpy_minimal_client/share/ament_index/resource_index/packages
[2.012s] copying package.xml -> /home/yahboom/intro_ws/install/examples_rclpy_minimal_client/share/examples_rclpy_minimal_client
[2.012s] running install_egg_info
[2.013s] Copying ../../../../../build/examples_rclpy_minimal_client/examples_rclpy_minimal_client.egg-info to /home/yahboom/intro_ws/install/examples_rclpy_minimal_client/lib/python3.10/site-packages/examples_rclpy_minimal_client-0.15.5-py3.10.egg-info
[2.014s] running install_scripts
[2.040s] Installing client script to /home/yahboom/intro_ws/install/examples_rclpy_minimal_client/lib/examples_rclpy_minimal_client
[2.041s] Installing client_async script to /home/yahboom/intro_ws/install/examples_rclpy_minimal_client/lib/examples_rclpy_minimal_client
[2.042s] Installing client_async_callback script to /home/yahboom/intro_ws/install/examples_rclpy_minimal_client/lib/examples_rclpy_minimal_client
[2.042s] Installing client_async_member_function script to /home/yahboom/intro_ws/install/examples_rclpy_minimal_client/lib/examples_rclpy_minimal_client
[2.043s] writing list of installed files to '/home/yahboom/intro_ws/build/examples_rclpy_minimal_client/install.log'
[2.079s] Invoked command in '/home/yahboom/intro_ws/src/examples/rclpy/services/minimal_client' returned '0': PYTHONPATH=/home/yahboom/intro_ws/build/examples_rclpy_minimal_client/prefix_override:/home/yahboom/intro_ws/install/examples_rclpy_minimal_client/lib/python3.10/site-packages:${PYTHONPATH} /usr/bin/python3 -W ignore:setup.py install is deprecated setup.py egg_info --egg-base ../../../../../build/examples_rclpy_minimal_client build --build-base /home/yahboom/intro_ws/build/examples_rclpy_minimal_client/build install --record /home/yahboom/intro_ws/build/examples_rclpy_minimal_client/install.log --single-version-externally-managed install_data --force
