[0.717s] Invoking command in '/home/yahboom/intro_ws/build/examples_rclpy_minimal_publisher': PYTHONPATH=/home/yahboom/intro_ws/build/examples_rclpy_minimal_publisher/prefix_override:/home/yahboom/intro_ws/install/examples_rclpy_minimal_publisher/lib/python3.10/site-packages:${PYTHONPATH} /usr/bin/python3 -W ignore:setup.py install is deprecated setup.py develop --editable --build-directory /home/yahboom/intro_ws/build/examples_rclpy_minimal_publisher/build --no-deps symlink_data
[0.987s] running develop
[0.988s] /usr/lib/python3/dist-packages/setuptools/command/easy_install.py:158: EasyInstallDeprecationWarning: easy_install command is deprecated. Use build and pip and other standards-based tools.
[0.988s]   warnings.warn(
[1.141s] running egg_info
[1.142s] creating examples_rclpy_minimal_publisher.egg-info
[1.143s] writing examples_rclpy_minimal_publisher.egg-info/PKG-INFO
[1.144s] writing dependency_links to examples_rclpy_minimal_publisher.egg-info/dependency_links.txt
[1.144s] writing entry points to examples_rclpy_minimal_publisher.egg-info/entry_points.txt
[1.144s] writing requirements to examples_rclpy_minimal_publisher.egg-info/requires.txt
[1.144s] writing top-level names to examples_rclpy_minimal_publisher.egg-info/top_level.txt
[1.144s] writing manifest file 'examples_rclpy_minimal_publisher.egg-info/SOURCES.txt'
[1.155s] reading manifest file 'examples_rclpy_minimal_publisher.egg-info/SOURCES.txt'
[1.159s] writing manifest file 'examples_rclpy_minimal_publisher.egg-info/SOURCES.txt'
[1.160s] running build_ext
[1.160s] Creating /home/yahboom/intro_ws/install/examples_rclpy_minimal_publisher/lib/python3.10/site-packages/examples-rclpy-minimal-publisher.egg-link (link to .)
[1.161s] Installing publisher_local_function script to /home/yahboom/intro_ws/install/examples_rclpy_minimal_publisher/lib/examples_rclpy_minimal_publisher
[1.161s] Installing publisher_member_function script to /home/yahboom/intro_ws/install/examples_rclpy_minimal_publisher/lib/examples_rclpy_minimal_publisher
[1.161s] Installing publisher_member_function_with_wait_for_all_acked script to /home/yahboom/intro_ws/install/examples_rclpy_minimal_publisher/lib/examples_rclpy_minimal_publisher
[1.162s] Installing publisher_old_school script to /home/yahboom/intro_ws/install/examples_rclpy_minimal_publisher/lib/examples_rclpy_minimal_publisher
[1.162s] 
[1.162s] Installed /home/yahboom/intro_ws/build/examples_rclpy_minimal_publisher
[1.162s] running symlink_data
[1.163s] creating /home/yahboom/intro_ws/install/examples_rclpy_minimal_publisher/share/ament_index
[1.163s] creating /home/yahboom/intro_ws/install/examples_rclpy_minimal_publisher/share/ament_index/resource_index
[1.163s] creating /home/yahboom/intro_ws/install/examples_rclpy_minimal_publisher/share/ament_index/resource_index/packages
[1.163s] symbolically linking /home/yahboom/intro_ws/build/examples_rclpy_minimal_publisher/resource/examples_rclpy_minimal_publisher -> /home/yahboom/intro_ws/install/examples_rclpy_minimal_publisher/share/ament_index/resource_index/packages
[1.163s] symbolically linking /home/yahboom/intro_ws/build/examples_rclpy_minimal_publisher/package.xml -> /home/yahboom/intro_ws/install/examples_rclpy_minimal_publisher/share/examples_rclpy_minimal_publisher
[1.209s] Invoked command in '/home/yahboom/intro_ws/build/examples_rclpy_minimal_publisher' returned '0': PYTHONPATH=/home/yahboom/intro_ws/build/examples_rclpy_minimal_publisher/prefix_override:/home/yahboom/intro_ws/install/examples_rclpy_minimal_publisher/lib/python3.10/site-packages:${PYTHONPATH} /usr/bin/python3 -W ignore:setup.py install is deprecated setup.py develop --editable --build-directory /home/yahboom/intro_ws/build/examples_rclpy_minimal_publisher/build --no-deps symlink_data
