[0.989s] Invoking command in '/home/yahboom/intro_ws/build/examples_rclpy_minimal_client': PYTHONPATH=/home/yahboom/intro_ws/build/examples_rclpy_minimal_client/prefix_override:/home/yahboom/intro_ws/install/examples_rclpy_minimal_client/lib/python3.10/site-packages:${PYTHONPATH} /usr/bin/python3 -W ignore:setup.py install is deprecated setup.py develop --editable --build-directory /home/yahboom/intro_ws/build/examples_rclpy_minimal_client/build --no-deps symlink_data
[1.243s] /usr/lib/python3/dist-packages/setuptools/command/easy_install.py:158: EasyInstallDeprecationWarning: easy_install command is deprecated. Use build and pip and other standards-based tools.
[1.243s]   warnings.warn(
[1.243s] running develop
[1.396s] running egg_info
[1.396s] writing examples_rclpy_minimal_client.egg-info/PKG-INFO
[1.396s] writing dependency_links to examples_rclpy_minimal_client.egg-info/dependency_links.txt
[1.398s] writing entry points to examples_rclpy_minimal_client.egg-info/entry_points.txt
[1.398s] writing requirements to examples_rclpy_minimal_client.egg-info/requires.txt
[1.398s] writing top-level names to examples_rclpy_minimal_client.egg-info/top_level.txt
[1.401s] reading manifest file 'examples_rclpy_minimal_client.egg-info/SOURCES.txt'
[1.401s] writing manifest file 'examples_rclpy_minimal_client.egg-info/SOURCES.txt'
[1.404s] running build_ext
[1.405s] Creating /home/yahboom/intro_ws/install/examples_rclpy_minimal_client/lib/python3.10/site-packages/examples-rclpy-minimal-client.egg-link (link to .)
[1.406s] Installing client script to /home/yahboom/intro_ws/install/examples_rclpy_minimal_client/lib/examples_rclpy_minimal_client
[1.406s] Installing client_async script to /home/yahboom/intro_ws/install/examples_rclpy_minimal_client/lib/examples_rclpy_minimal_client
[1.407s] Installing client_async_callback script to /home/yahboom/intro_ws/install/examples_rclpy_minimal_client/lib/examples_rclpy_minimal_client
[1.407s] Installing client_async_member_function script to /home/yahboom/intro_ws/install/examples_rclpy_minimal_client/lib/examples_rclpy_minimal_client
[1.408s] 
[1.408s] Installed /home/yahboom/intro_ws/build/examples_rclpy_minimal_client
[1.408s] running symlink_data
[1.450s] Invoked command in '/home/yahboom/intro_ws/build/examples_rclpy_minimal_client' returned '0': PYTHONPATH=/home/yahboom/intro_ws/build/examples_rclpy_minimal_client/prefix_override:/home/yahboom/intro_ws/install/examples_rclpy_minimal_client/lib/python3.10/site-packages:${PYTHONPATH} /usr/bin/python3 -W ignore:setup.py install is deprecated setup.py develop --editable --build-directory /home/yahboom/intro_ws/build/examples_rclpy_minimal_client/build --no-deps symlink_data
