[0.710s] Invoking command in '/home/yahboom/intro_ws/build/time_tf2_py': PYTHONPATH=/home/yahboom/intro_ws/build/time_tf2_py/prefix_override:/home/yahboom/intro_ws/install/time_tf2_py/lib/python3.10/site-packages:${PYTHONPATH} /usr/bin/python3 -W ignore:setup.py install is deprecated setup.py develop --editable --build-directory /home/yahboom/intro_ws/build/time_tf2_py/build --no-deps symlink_data
[1.005s] running develop
[1.005s] /usr/lib/python3/dist-packages/setuptools/command/easy_install.py:158: EasyInstallDeprecationWarning: easy_install command is deprecated. Use build and pip and other standards-based tools.
[1.005s]   warnings.warn(
[1.172s] running egg_info
[1.173s] writing time_tf2_py.egg-info/PKG-INFO
[1.173s] writing dependency_links to time_tf2_py.egg-info/dependency_links.txt
[1.174s] writing entry points to time_tf2_py.egg-info/entry_points.txt
[1.175s] writing requirements to time_tf2_py.egg-info/requires.txt
[1.175s] writing top-level names to time_tf2_py.egg-info/top_level.txt
[1.177s] reading manifest file 'time_tf2_py.egg-info/SOURCES.txt'
[1.178s] writing manifest file 'time_tf2_py.egg-info/SOURCES.txt'
[1.180s] running build_ext
[1.180s] Creating /home/yahboom/intro_ws/install/time_tf2_py/lib/python3.10/site-packages/time-tf2-py.egg-link (link to .)
[1.181s] Installing dynamic_frame_tf2_broadcaster script to /home/yahboom/intro_ws/install/time_tf2_py/lib/time_tf2_py
[1.182s] Installing fixed_frame_tf2_broadcaster script to /home/yahboom/intro_ws/install/time_tf2_py/lib/time_tf2_py
[1.182s] Installing turtle_tf2_broadcaster script to /home/yahboom/intro_ws/install/time_tf2_py/lib/time_tf2_py
[1.182s] Installing turtle_tf2_listener script to /home/yahboom/intro_ws/install/time_tf2_py/lib/time_tf2_py
[1.182s] 
[1.182s] Installed /home/yahboom/intro_ws/build/time_tf2_py
[1.182s] running symlink_data
[1.216s] Invoked command in '/home/yahboom/intro_ws/build/time_tf2_py' returned '0': PYTHONPATH=/home/yahboom/intro_ws/build/time_tf2_py/prefix_override:/home/yahboom/intro_ws/install/time_tf2_py/lib/python3.10/site-packages:${PYTHONPATH} /usr/bin/python3 -W ignore:setup.py install is deprecated setup.py develop --editable --build-directory /home/yahboom/intro_ws/build/time_tf2_py/build --no-deps symlink_data
