[0.031s] Invoking command in '/home/yahboom/intro_ws/build/examples_rclcpp_minimal_subscriber': CMAKE_PREFIX_PATH=${CMAKE_PREFIX_PATH}:/home/yahboom/cartoros2/install/yahboomcar_nav:/home/yahboom/cartoros2/install/yahboomcar_ctrl:/home/yahboom/cartoros2/install/yahboom_visual:/home/yahboom/cartoros2/install/yahboom_dog_joint_state:/home/yahboom/cartoros2/install/yahboom_description:/home/yahboom/cartoros2/install/yahboom_color_identify_server:/home/yahboom/cartoros2/install/yahboom_bringup:/home/yahboom/cartoros2/install/yahboom_base:/home/yahboom/cartoros2/install/yahboom_app_save_map:/home/yahboom/cartoros2/install/update_map:/home/yahboom/cartoros2/install/rosboard:/home/yahboom/cartoros2/install/path_planner_server:/home/yahboom/cartoros2/install/nav2_simple_commander:/home/yahboom/cartoros2/install/nav2_gazebo_spawner:/home/yahboom/cartoros2/install/localization_server:/home/yahboom/cartoros2/install/laserscan_to_point_pulisher:/home/yahboom/yahboomcar_ws/install/yahboom_dog_example:/opt/ros/humble /usr/bin/cmake /home/yahboom/intro_ws/src/examples/rclcpp/topics/minimal_subscriber -DAMENT_CMAKE_SYMLINK_INSTALL=1 -DCMAKE_INSTALL_PREFIX=/home/yahboom/intro_ws/install/examples_rclcpp_minimal_subscriber
[0.135s] -- The C compiler identification is GNU 11.4.0
[0.214s] -- The CXX compiler identification is GNU 11.4.0
[0.224s] -- Detecting C compiler ABI info
[0.356s] -- Detecting C compiler ABI info - done
[0.361s] -- Check for working C compiler: /usr/bin/cc - skipped
[0.361s] -- Detecting C compile features
[0.362s] -- Detecting C compile features - done
[0.365s] -- Detecting CXX compiler ABI info
[0.507s] -- Detecting CXX compiler ABI info - done
[0.513s] -- Check for working CXX compiler: /usr/bin/c++ - skipped
[0.515s] -- Detecting CXX compile features
[0.515s] -- Detecting CXX compile features - done
[0.528s] -- Found ament_cmake: 1.3.8 (/opt/ros/humble/share/ament_cmake/cmake)
[0.770s] -- Found Python3: /usr/bin/python3 (found version "3.10.12") found components: Interpreter 
[0.866s] -- Override CMake install command with custom implementation using symlinks instead of copying resources
[1.068s] -- Found rclcpp: 16.0.8 (/opt/ros/humble/share/rclcpp/cmake)
[1.239s] -- Found rosidl_generator_c: 3.1.5 (/opt/ros/humble/share/rosidl_generator_c/cmake)
[1.266s] -- Found rosidl_adapter: 3.1.5 (/opt/ros/humble/share/rosidl_adapter/cmake)
[1.298s] -- Found rosidl_generator_cpp: 3.1.5 (/opt/ros/humble/share/rosidl_generator_cpp/cmake)
[1.336s] -- Using all available rosidl_typesupport_c: rosidl_typesupport_fastrtps_c;rosidl_typesupport_introspection_c
[1.395s] -- Using all available rosidl_typesupport_cpp: rosidl_typesupport_fastrtps_cpp;rosidl_typesupport_introspection_cpp
[1.569s] -- Found rmw_implementation_cmake: 6.1.1 (/opt/ros/humble/share/rmw_implementation_cmake/cmake)
[1.583s] -- Found rmw_fastrtps_cpp: 6.2.6 (/opt/ros/humble/share/rmw_fastrtps_cpp/cmake)
[1.832s] -- Found OpenSSL: /usr/lib/x86_64-linux-gnu/libcrypto.so (found version "3.0.2")  
[1.885s] -- Found FastRTPS: /opt/ros/humble/include  
[1.970s] -- Using RMW implementation 'rmw_fastrtps_cpp' as default
[2.016s] -- Looking for pthread.h
[2.147s] -- Looking for pthread.h - found
[2.148s] -- Performing Test CMAKE_HAVE_LIBC_PTHREAD
[2.286s] -- Performing Test CMAKE_HAVE_LIBC_PTHREAD - Success
[2.287s] -- Found Threads: TRUE  
[2.483s] -- Found rclcpp_components: 16.0.8 (/opt/ros/humble/share/rclcpp_components/cmake)
[2.649s] -- Found ament_lint_auto: 0.12.10 (/opt/ros/humble/share/ament_lint_auto/cmake)
[2.878s] -- Added test 'copyright' to check source files copyright and LICENSE
[2.879s] -- Added test 'cppcheck' to perform static code analysis on C / C++ code
[2.879s] -- Configured cppcheck include dirs: 
[2.879s] -- Configured cppcheck exclude dirs and/or files: 
[2.883s] -- Added test 'cpplint' to check C / C++ code against the Google style
[2.883s] -- Configured cpplint exclude dirs and/or files: 
[2.886s] -- Added test 'lint_cmake' to check CMake code style
[2.889s] -- Added test 'uncrustify' to check C / C++ code style
[2.889s] -- Configured uncrustify additional arguments: 
[2.890s] -- Added test 'xmllint' to check XML markup files
[2.896s] -- Configuring done
[2.944s] -- Generating done
[2.952s] -- Build files have been written to: /home/yahboom/intro_ws/build/examples_rclcpp_minimal_subscriber
[2.971s] Invoked command in '/home/yahboom/intro_ws/build/examples_rclcpp_minimal_subscriber' returned '0': CMAKE_PREFIX_PATH=${CMAKE_PREFIX_PATH}:/home/yahboom/cartoros2/install/yahboomcar_nav:/home/yahboom/cartoros2/install/yahboomcar_ctrl:/home/yahboom/cartoros2/install/yahboom_visual:/home/yahboom/cartoros2/install/yahboom_dog_joint_state:/home/yahboom/cartoros2/install/yahboom_description:/home/yahboom/cartoros2/install/yahboom_color_identify_server:/home/yahboom/cartoros2/install/yahboom_bringup:/home/yahboom/cartoros2/install/yahboom_base:/home/yahboom/cartoros2/install/yahboom_app_save_map:/home/yahboom/cartoros2/install/update_map:/home/yahboom/cartoros2/install/rosboard:/home/yahboom/cartoros2/install/path_planner_server:/home/yahboom/cartoros2/install/nav2_simple_commander:/home/yahboom/cartoros2/install/nav2_gazebo_spawner:/home/yahboom/cartoros2/install/localization_server:/home/yahboom/cartoros2/install/laserscan_to_point_pulisher:/home/yahboom/yahboomcar_ws/install/yahboom_dog_example:/opt/ros/humble /usr/bin/cmake /home/yahboom/intro_ws/src/examples/rclcpp/topics/minimal_subscriber -DAMENT_CMAKE_SYMLINK_INSTALL=1 -DCMAKE_INSTALL_PREFIX=/home/yahboom/intro_ws/install/examples_rclcpp_minimal_subscriber
[2.973s] Invoking command in '/home/yahboom/intro_ws/build/examples_rclcpp_minimal_subscriber': CMAKE_PREFIX_PATH=${CMAKE_PREFIX_PATH}:/home/yahboom/cartoros2/install/yahboomcar_nav:/home/yahboom/cartoros2/install/yahboomcar_ctrl:/home/yahboom/cartoros2/install/yahboom_visual:/home/yahboom/cartoros2/install/yahboom_dog_joint_state:/home/yahboom/cartoros2/install/yahboom_description:/home/yahboom/cartoros2/install/yahboom_color_identify_server:/home/yahboom/cartoros2/install/yahboom_bringup:/home/yahboom/cartoros2/install/yahboom_base:/home/yahboom/cartoros2/install/yahboom_app_save_map:/home/yahboom/cartoros2/install/update_map:/home/yahboom/cartoros2/install/rosboard:/home/yahboom/cartoros2/install/path_planner_server:/home/yahboom/cartoros2/install/nav2_simple_commander:/home/yahboom/cartoros2/install/nav2_gazebo_spawner:/home/yahboom/cartoros2/install/localization_server:/home/yahboom/cartoros2/install/laserscan_to_point_pulisher:/home/yahboom/yahboomcar_ws/install/yahboom_dog_example:/opt/ros/humble /usr/bin/cmake --build /home/yahboom/intro_ws/build/examples_rclcpp_minimal_subscriber -- -j4 -l4
[3.125s] [  4%] [32mBuilding CXX object CMakeFiles/subscriber_lambda.dir/lambda.cpp.o[0m
[11.352s] [  8%] [32m[1mLinking CXX executable subscriber_lambda[0m
[11.743s] [  8%] Built target subscriber_lambda
[11.794s] [ 12%] [32mBuilding CXX object CMakeFiles/subscriber_member_function_with_type_adapter.dir/member_function_with_type_adapter.cpp.o[0m
[20.934s] [ 16%] [32m[1mLinking CXX executable subscriber_member_function_with_type_adapter[0m
[21.536s] [ 16%] Built target subscriber_member_function_with_type_adapter
[21.608s] [ 20%] [32mBuilding CXX object CMakeFiles/subscriber_member_function_with_unique_network_flow_endpoints.dir/member_function_with_unique_network_flow_endpoints.cpp.o[0m
[32.662s] [ 25%] [32m[1mLinking CXX executable subscriber_member_function_with_unique_network_flow_endpoints[0m
[33.035s] [ 25%] Built target subscriber_member_function_with_unique_network_flow_endpoints
[33.085s] [ 29%] [32mBuilding CXX object CMakeFiles/subscriber_not_composable.dir/not_composable.cpp.o[0m
[40.978s] [ 33%] [32m[1mLinking CXX executable subscriber_not_composable[0m
[41.318s] [ 33%] Built target subscriber_not_composable
[41.371s] [ 37%] [32mBuilding CXX object CMakeFiles/subscriber_content_filtering.dir/content_filtering.cpp.o[0m
[46.411s] [ 41%] [32mBuilding CXX object CMakeFiles/wait_set_subscriber_library.dir/wait_set_subscriber.cpp.o[0m
[47.503s] [ 45%] [32mBuilding CXX object CMakeFiles/subscriber_member_function_with_topic_statistics.dir/member_function_with_topic_statistics.cpp.o[0m
[48.546s] [ 50%] [32mBuilding CXX object CMakeFiles/subscriber_member_function.dir/member_function.cpp.o[0m
[51.210s] [ 54%] [32m[1mLinking CXX executable subscriber_content_filtering[0m
[52.160s] [ 54%] Built target subscriber_content_filtering
[61.263s] [ 58%] [32mBuilding CXX object CMakeFiles/wait_set_subscriber_library.dir/static_wait_set_subscriber.cpp.o[0m
[61.422s] [ 62%] [32m[1mLinking CXX executable subscriber_member_function_with_topic_statistics[0m
[61.877s] [ 62%] Built target subscriber_member_function_with_topic_statistics
[61.900s] [ 66%] [32m[1mLinking CXX executable subscriber_member_function[0m
[62.264s] [ 66%] Built target subscriber_member_function
[69.380s] [ 70%] [32mBuilding CXX object CMakeFiles/wait_set_subscriber_library.dir/time_triggered_wait_set_subscriber.cpp.o[0m
[77.810s] [ 75%] [32m[1mLinking CXX shared library libwait_set_subscriber_library.so[0m
[78.685s] [ 75%] Built target wait_set_subscriber_library
[78.735s] [ 83%] [32mBuilding CXX object CMakeFiles/static_wait_set_subscriber.dir/rclcpp_components/node_main_static_wait_set_subscriber.cpp.o[0m
[78.735s] [ 83%] [32mBuilding CXX object CMakeFiles/time_triggered_wait_set_subscriber.dir/rclcpp_components/node_main_time_triggered_wait_set_subscriber.cpp.o[0m
[81.824s] [ 91%] [32m[1mLinking CXX executable static_wait_set_subscriber[0m
[81.824s] [ 91%] [32m[1mLinking CXX executable time_triggered_wait_set_subscriber[0m
[81.985s] [ 91%] Built target time_triggered_wait_set_subscriber
[81.985s] [ 91%] Built target static_wait_set_subscriber
[82.036s] [ 95%] [32mBuilding CXX object CMakeFiles/wait_set_subscriber.dir/rclcpp_components/node_main_wait_set_subscriber.cpp.o[0m
[85.158s] [100%] [32m[1mLinking CXX executable wait_set_subscriber[0m
[85.310s] [100%] Built target wait_set_subscriber
[85.333s] Invoked command in '/home/yahboom/intro_ws/build/examples_rclcpp_minimal_subscriber' returned '0': CMAKE_PREFIX_PATH=${CMAKE_PREFIX_PATH}:/home/yahboom/cartoros2/install/yahboomcar_nav:/home/yahboom/cartoros2/install/yahboomcar_ctrl:/home/yahboom/cartoros2/install/yahboom_visual:/home/yahboom/cartoros2/install/yahboom_dog_joint_state:/home/yahboom/cartoros2/install/yahboom_description:/home/yahboom/cartoros2/install/yahboom_color_identify_server:/home/yahboom/cartoros2/install/yahboom_bringup:/home/yahboom/cartoros2/install/yahboom_base:/home/yahboom/cartoros2/install/yahboom_app_save_map:/home/yahboom/cartoros2/install/update_map:/home/yahboom/cartoros2/install/rosboard:/home/yahboom/cartoros2/install/path_planner_server:/home/yahboom/cartoros2/install/nav2_simple_commander:/home/yahboom/cartoros2/install/nav2_gazebo_spawner:/home/yahboom/cartoros2/install/localization_server:/home/yahboom/cartoros2/install/laserscan_to_point_pulisher:/home/yahboom/yahboomcar_ws/install/yahboom_dog_example:/opt/ros/humble /usr/bin/cmake --build /home/yahboom/intro_ws/build/examples_rclcpp_minimal_subscriber -- -j4 -l4
[85.563s] Invoking command in '/home/yahboom/intro_ws/build/examples_rclcpp_minimal_subscriber': CMAKE_PREFIX_PATH=${CMAKE_PREFIX_PATH}:/home/yahboom/cartoros2/install/yahboomcar_nav:/home/yahboom/cartoros2/install/yahboomcar_ctrl:/home/yahboom/cartoros2/install/yahboom_visual:/home/yahboom/cartoros2/install/yahboom_dog_joint_state:/home/yahboom/cartoros2/install/yahboom_description:/home/yahboom/cartoros2/install/yahboom_color_identify_server:/home/yahboom/cartoros2/install/yahboom_bringup:/home/yahboom/cartoros2/install/yahboom_base:/home/yahboom/cartoros2/install/yahboom_app_save_map:/home/yahboom/cartoros2/install/update_map:/home/yahboom/cartoros2/install/rosboard:/home/yahboom/cartoros2/install/path_planner_server:/home/yahboom/cartoros2/install/nav2_simple_commander:/home/yahboom/cartoros2/install/nav2_gazebo_spawner:/home/yahboom/cartoros2/install/localization_server:/home/yahboom/cartoros2/install/laserscan_to_point_pulisher:/home/yahboom/yahboomcar_ws/install/yahboom_dog_example:/opt/ros/humble /usr/bin/cmake --install /home/yahboom/intro_ws/build/examples_rclcpp_minimal_subscriber
[85.579s] -- Install configuration: ""
[85.579s] -- Execute custom install script
[85.580s] -- Symlinking: /home/yahboom/intro_ws/install/examples_rclcpp_minimal_subscriber/lib/examples_rclcpp_minimal_subscriber/wait_set_subscriber
[85.599s] -- Symlinking: /home/yahboom/intro_ws/install/examples_rclcpp_minimal_subscriber/lib/examples_rclcpp_minimal_subscriber/static_wait_set_subscriber
[85.618s] -- Symlinking: /home/yahboom/intro_ws/install/examples_rclcpp_minimal_subscriber/lib/examples_rclcpp_minimal_subscriber/time_triggered_wait_set_subscriber
[85.637s] -- Symlinking: /home/yahboom/intro_ws/install/examples_rclcpp_minimal_subscriber/lib/libwait_set_subscriber_library.so
[85.657s] -- Symlinking: /home/yahboom/intro_ws/install/examples_rclcpp_minimal_subscriber/lib/examples_rclcpp_minimal_subscriber/subscriber_lambda
[85.675s] -- Symlinking: /home/yahboom/intro_ws/install/examples_rclcpp_minimal_subscriber/lib/examples_rclcpp_minimal_subscriber/subscriber_member_function
[85.694s] -- Symlinking: /home/yahboom/intro_ws/install/examples_rclcpp_minimal_subscriber/lib/examples_rclcpp_minimal_subscriber/subscriber_member_function_with_topic_statistics
[85.712s] -- Symlinking: /home/yahboom/intro_ws/install/examples_rclcpp_minimal_subscriber/lib/examples_rclcpp_minimal_subscriber/subscriber_member_function_with_type_adapter
[85.731s] -- Symlinking: /home/yahboom/intro_ws/install/examples_rclcpp_minimal_subscriber/lib/examples_rclcpp_minimal_subscriber/subscriber_member_function_with_unique_network_flow_endpoints
[85.749s] -- Symlinking: /home/yahboom/intro_ws/install/examples_rclcpp_minimal_subscriber/lib/examples_rclcpp_minimal_subscriber/subscriber_not_composable
[85.770s] -- Symlinking: /home/yahboom/intro_ws/install/examples_rclcpp_minimal_subscriber/lib/examples_rclcpp_minimal_subscriber/subscriber_content_filtering
[85.788s] -- Symlinking: /home/yahboom/intro_ws/install/examples_rclcpp_minimal_subscriber/share/ament_index/resource_index/package_run_dependencies/examples_rclcpp_minimal_subscriber
[85.806s] -- Symlinking: /home/yahboom/intro_ws/install/examples_rclcpp_minimal_subscriber/share/ament_index/resource_index/parent_prefix_path/examples_rclcpp_minimal_subscriber
[85.827s] -- Symlinking: /home/yahboom/intro_ws/install/examples_rclcpp_minimal_subscriber/share/examples_rclcpp_minimal_subscriber/environment/ament_prefix_path.sh
[85.845s] -- Symlinking: /home/yahboom/intro_ws/install/examples_rclcpp_minimal_subscriber/share/examples_rclcpp_minimal_subscriber/environment/ament_prefix_path.dsv
[85.863s] -- Symlinking: /home/yahboom/intro_ws/install/examples_rclcpp_minimal_subscriber/share/examples_rclcpp_minimal_subscriber/environment/path.sh
[85.881s] -- Symlinking: /home/yahboom/intro_ws/install/examples_rclcpp_minimal_subscriber/share/examples_rclcpp_minimal_subscriber/environment/path.dsv
[85.899s] -- Symlinking: /home/yahboom/intro_ws/install/examples_rclcpp_minimal_subscriber/share/examples_rclcpp_minimal_subscriber/local_setup.bash
[85.918s] -- Symlinking: /home/yahboom/intro_ws/install/examples_rclcpp_minimal_subscriber/share/examples_rclcpp_minimal_subscriber/local_setup.sh
[85.937s] -- Symlinking: /home/yahboom/intro_ws/install/examples_rclcpp_minimal_subscriber/share/examples_rclcpp_minimal_subscriber/local_setup.zsh
[85.957s] -- Symlinking: /home/yahboom/intro_ws/install/examples_rclcpp_minimal_subscriber/share/examples_rclcpp_minimal_subscriber/local_setup.dsv
[85.976s] -- Symlinking: /home/yahboom/intro_ws/install/examples_rclcpp_minimal_subscriber/share/examples_rclcpp_minimal_subscriber/package.dsv
[85.993s] -- Symlinking: /home/yahboom/intro_ws/install/examples_rclcpp_minimal_subscriber/share/ament_index/resource_index/packages/examples_rclcpp_minimal_subscriber
[86.011s] -- Symlinking: /home/yahboom/intro_ws/install/examples_rclcpp_minimal_subscriber/share/ament_index/resource_index/rclcpp_components/examples_rclcpp_minimal_subscriber
[86.029s] -- Symlinking: /home/yahboom/intro_ws/install/examples_rclcpp_minimal_subscriber/share/examples_rclcpp_minimal_subscriber/cmake/examples_rclcpp_minimal_subscriberConfig.cmake
[86.049s] -- Symlinking: /home/yahboom/intro_ws/install/examples_rclcpp_minimal_subscriber/share/examples_rclcpp_minimal_subscriber/cmake/examples_rclcpp_minimal_subscriberConfig-version.cmake
[86.067s] -- Symlinking: /home/yahboom/intro_ws/install/examples_rclcpp_minimal_subscriber/share/examples_rclcpp_minimal_subscriber/package.xml
[86.087s] Invoked command in '/home/yahboom/intro_ws/build/examples_rclcpp_minimal_subscriber' returned '0': CMAKE_PREFIX_PATH=${CMAKE_PREFIX_PATH}:/home/yahboom/cartoros2/install/yahboomcar_nav:/home/yahboom/cartoros2/install/yahboomcar_ctrl:/home/yahboom/cartoros2/install/yahboom_visual:/home/yahboom/cartoros2/install/yahboom_dog_joint_state:/home/yahboom/cartoros2/install/yahboom_description:/home/yahboom/cartoros2/install/yahboom_color_identify_server:/home/yahboom/cartoros2/install/yahboom_bringup:/home/yahboom/cartoros2/install/yahboom_base:/home/yahboom/cartoros2/install/yahboom_app_save_map:/home/yahboom/cartoros2/install/update_map:/home/yahboom/cartoros2/install/rosboard:/home/yahboom/cartoros2/install/path_planner_server:/home/yahboom/cartoros2/install/nav2_simple_commander:/home/yahboom/cartoros2/install/nav2_gazebo_spawner:/home/yahboom/cartoros2/install/localization_server:/home/yahboom/cartoros2/install/laserscan_to_point_pulisher:/home/yahboom/yahboomcar_ws/install/yahboom_dog_example:/opt/ros/humble /usr/bin/cmake --install /home/yahboom/intro_ws/build/examples_rclcpp_minimal_subscriber
