[0.962s] Invoking command in '/home/yahboom/intro_ws/build/examples_rclpy_guard_conditions': PYTHONPATH=/home/yahboom/intro_ws/build/examples_rclpy_guard_conditions/prefix_override:/home/yahboom/intro_ws/install/examples_rclpy_guard_conditions/lib/python3.10/site-packages:${PYTHONPATH} /usr/bin/python3 -W ignore:setup.py install is deprecated setup.py develop --editable --build-directory /home/yahboom/intro_ws/build/examples_rclpy_guard_conditions/build --no-deps symlink_data --force
[1.222s] running develop
[1.223s] /usr/lib/python3/dist-packages/setuptools/command/easy_install.py:158: EasyInstallDeprecationWarning: easy_install command is deprecated. Use build and pip and other standards-based tools.
[1.223s]   warnings.warn(
[1.386s] running egg_info
[1.386s] writing examples_rclpy_guard_conditions.egg-info/PKG-INFO
[1.387s] writing dependency_links to examples_rclpy_guard_conditions.egg-info/dependency_links.txt
[1.387s] writing entry points to examples_rclpy_guard_conditions.egg-info/entry_points.txt
[1.388s] writing requirements to examples_rclpy_guard_conditions.egg-info/requires.txt
[1.388s] writing top-level names to examples_rclpy_guard_conditions.egg-info/top_level.txt
[1.390s] reading manifest file 'examples_rclpy_guard_conditions.egg-info/SOURCES.txt'
[1.391s] writing manifest file 'examples_rclpy_guard_conditions.egg-info/SOURCES.txt'
[1.393s] running build_ext
[1.393s] Creating /home/yahboom/intro_ws/install/examples_rclpy_guard_conditions/lib/python3.10/site-packages/examples-rclpy-guard-conditions.egg-link (link to .)
[1.394s] Installing trigger_guard_condition script to /home/yahboom/intro_ws/install/examples_rclpy_guard_conditions/lib/examples_rclpy_guard_conditions
[1.395s] 
[1.395s] Installed /home/yahboom/intro_ws/build/examples_rclpy_guard_conditions
[1.397s] running symlink_data
[1.397s] symbolically linking /home/yahboom/intro_ws/build/examples_rclpy_guard_conditions/resource/examples_rclpy_guard_conditions -> /home/yahboom/intro_ws/install/examples_rclpy_guard_conditions/share/ament_index/resource_index/packages
[1.397s] symbolically linking /home/yahboom/intro_ws/build/examples_rclpy_guard_conditions/package.xml -> /home/yahboom/intro_ws/install/examples_rclpy_guard_conditions/share/examples_rclpy_guard_conditions
[1.450s] Invoked command in '/home/yahboom/intro_ws/build/examples_rclpy_guard_conditions' returned '0': PYTHONPATH=/home/yahboom/intro_ws/build/examples_rclpy_guard_conditions/prefix_override:/home/yahboom/intro_ws/install/examples_rclpy_guard_conditions/lib/python3.10/site-packages:${PYTHONPATH} /usr/bin/python3 -W ignore:setup.py install is deprecated setup.py develop --editable --build-directory /home/yahboom/intro_ws/build/examples_rclpy_guard_conditions/build --no-deps symlink_data --force
